Microchip MPLAB XC8 Compiler V1.43 ()

Linker command line:

-W-3 --edf=C:\Program Files (x86)\Microchip\xc8\v1.43\dat\en_msgs.txt -cs \
  -h+dist/default/production\U1_Visual.X.production.sym \
  --cmf=dist/default/production\U1_Visual.X.production.cmf -z -Q18F4550 \
  -oC:\Users\antho\AppData\Local\Temp\sfpg.2 \
  -Mdist/default/production/U1_Visual.X.production.map -E1 -ver=XC8 \
  -ASTACK=0D5h-07ffh -pstack=STACK -ACODE=00h-07FFFh -ACONST=00h-07FFFh \
  -ASMALLCONST=0800h-08FFhx120 -AMEDIUMCONST=0800h-07FFFh -ACOMRAM=01h-05Fh \
  -AABS1=00h-07FFh -ABIGRAM=01h-07FFh -ARAM=060h-0FFh,0100h-01FFhx7 \
  -ABANK0=060h-0FFh -ABANK1=0100h-01FFh -ABANK2=0200h-02FFh \
  -ABANK3=0300h-03FFh -ABANK4=0400h-04FFh -ABANK5=0500h-05FFh \
  -ABANK6=0600h-06FFh -ABANK7=0700h-07FFh -ASFR=0F60h-0FFFh \
  -preset_vec=00h,intcode=08h,intcodelo,powerup,init -pramtop=0800h \
  -psmallconst=SMALLCONST -pmediumconst=MEDIUMCONST -pconst=CONST \
  -AFARRAM=00h-00h -ACONFIG=0300000h-030000Dh -pconfig=CONFIG \
  -AIDLOC=0200000h-0200007h -pidloc=IDLOC -AEEDATA=0F00000h-0F000FFh \
  -peeprom_data=EEDATA \
  -prdata=COMRAM,nvrram=COMRAM,nvbit=COMRAM,rbss=COMRAM,rbit=COMRAM \
  -pfarbss=FARRAM,fardata=FARRAM,nvFARRAM=FARRAM \
  -pintsave_regs=BIGRAM,bigbss=BIGRAM,bigdata=BIGRAM -pbss=RAM \
  -pidata=CODE,irdata=CODE,ibigdata=CODE,ifardata=CODE -prparam=COMRAM \
  C:\Users\antho\AppData\Local\Temp\sfpg.obj \
  dist/default/production\U1_Visual.X.production.obj 

Object code version is 3.11

Machine type is 18F4550

Call graph: (short form)




                Name                               Link     Load   Length Selector   Space Scale
C:\Users\antho\AppData\Local\Temp\sfpg.obj
                init                                  E        E        4        4       0
                reset_vec                             0        0        4        0       0
                idloc                            200000   200000        8   200000       0
                config                           300000   300000        E   300000       0
dist/default/production\U1_Visual.X.production.obj
                intcode                               8        8        6        4       0
                temp                                 48       48        1        1       1
                smallconst                          800      800       16      400       0
                text44                             161C     161C       14      40B       0
                text43                             1642     1642       12      40B       0
                text42                             165E     165E        A      40B       0
                text41                             14B4     14B4       2E      40B       0
                text40                             1690     1690        2      40B       0
                text39                             15C4     15C4       18      40B       0
                text38                             1670     1670        8      40B       0
                text37                              816      816      226      40B       0
                text36                             168E     168E        2      40B       0
                text35                             168C     168C        2      40B       0
                text34                             168A     168A        2      40B       0
                text33                             1688     1688        2      40B       0
                text32                             1686     1686        2      40B       0
                text31                             1684     1684        2      40B       0
                text30                             1682     1682        2      40B       0
                text29                             1680     1680        2      40B       0
                text28                             167E     167E        2      40B       0
                text27                             1532     1532       28      40B       0
                intcode_body                        F3A      F3A      166      40B       0
                text25                             15AA     15AA       1A      40B       0
                text24                             155A     155A       1C      40B       0
                text23                             1654     1654        A      40B       0
                text22                             1590     1590       1A      40B       0
                text21                             1668     1668        8      40B       0
                text20                             1418     1418       3A      40B       0
                text19                             15F2     15F2       16      40B       0
                text18                             1630     1630       12      40B       0
                text17                             12C8     12C8       52      40B       0
                text16                             139E     139E       3E      40B       0
                text15                             116A     116A       A4      40B       0
                text14                             13DC     13DC       3C      40B       0
                text13                             15DC     15DC       16      40B       0
                text12                             1576     1576       1A      40B       0
                text11                             1360     1360       3E      40B       0
                text10                             1452     1452       34      40B       0
                text9                              150A     150A       28      40B       0
                text8                              14E2     14E2       28      40B       0
                text7                               A3C      A3C      1CC      40B       0
                text6                              1486     1486       2E      40B       0
                text5                              10A0     10A0       CA      40B       0
                text4                              120E     120E       5E      40B       0
                text3                              126C     126C       5C      40B       0
                text2                               DBC      DBC      17E      40B       0
                text1                               C08      C08      1B4      40B       0
                text0                              1608     1608       14      40B       0
                cstackCOMRAM                         25       25       1D        1       1
                cstackBANK0                          BF       BF       16       60       1
                bssBANK0                             60       60       5F       60       1
                dataCOMRAM                           42       42        6        1       1
                bssCOMRAM                             1        1       24        1       1
                cinit                              131A     131A       46      40B       0
                idataCOMRAM                        1678     1678        6      40B       0

TOTAL           Name                               Link     Load   Length     Space
        CLASS   STACK          

        CLASS   CODE           
                intcode                               8        8        6         0
                init                                  E        E        4         0
                reset_vec                             0        0        4         0
                text44                             161C     161C       14         0
                text43                             1642     1642       12         0
                text42                             165E     165E        A         0
                text41                             14B4     14B4       2E         0
                text40                             1690     1690        2         0
                text39                             15C4     15C4       18         0
                text38                             1670     1670        8         0
                text37                              816      816      226         0
                text36                             168E     168E        2         0
                text35                             168C     168C        2         0
                text34                             168A     168A        2         0
                text33                             1688     1688        2         0
                text32                             1686     1686        2         0
                text31                             1684     1684        2         0
                text30                             1682     1682        2         0
                text29                             1680     1680        2         0
                text28                             167E     167E        2         0
                text27                             1532     1532       28         0
                intcode_body                        F3A      F3A      166         0
                text25                             15AA     15AA       1A         0
                text24                             155A     155A       1C         0
                text23                             1654     1654        A         0
                text22                             1590     1590       1A         0
                text21                             1668     1668        8         0
                text20                             1418     1418       3A         0
                text19                             15F2     15F2       16         0
                text18                             1630     1630       12         0
                text17                             12C8     12C8       52         0
                text16                             139E     139E       3E         0
                text15                             116A     116A       A4         0
                text14                             13DC     13DC       3C         0
                text13                             15DC     15DC       16         0
                text12                             1576     1576       1A         0
                text11                             1360     1360       3E         0
                text10                             1452     1452       34         0
                text9                              150A     150A       28         0
                text8                              14E2     14E2       28         0
                text7                               A3C      A3C      1CC         0
                text6                              1486     1486       2E         0
                text5                              10A0     10A0       CA         0
                text4                              120E     120E       5E         0
                text3                              126C     126C       5C         0
                text2                               DBC      DBC      17E         0
                text1                               C08      C08      1B4         0
                text0                              1608     1608       14         0
                cinit                              131A     131A       46         0
                idataCOMRAM                        1678     1678        6         0

        CLASS   CONST          

        CLASS   SMALLCONST     
                smallconst                          800      800       16         0

        CLASS   MEDIUMCONST    

        CLASS   COMRAM         
                temp                                 48       48        1         1
                cstackCOMRAM                         25       25       1D         1
                dataCOMRAM                           42       42        6         1
                bssCOMRAM                             1        1       24         1

        CLASS   ABS1           

        CLASS   BIGRAM         

        CLASS   RAM            

        CLASS   BANK0          
                cstackBANK0                          BF       BF       16         1
                bssBANK0                             60       60       5F         1

        CLASS   BANK1          

        CLASS   BANK2          

        CLASS   BANK3          

        CLASS   BANK4          

        CLASS   BANK5          

        CLASS   BANK6          

        CLASS   BANK7          

        CLASS   SFR            

        CLASS   FARRAM         

        CLASS   CONFIG         
                config                           300000   300000        E         0

        CLASS   IDLOC          
                idloc                            200000   200000        8         0

        CLASS   EEDATA         



SEGMENTS        Name                           Load    Length   Top    Selector   Space  Class

                reset_vec                      000000  000004  000004         0       0  CODE    
                bssCOMRAM                      000001  000048  000049         1       1  COMRAM  
                intcode                        000008  00000A  000012         4       0  CODE    
                bssBANK0                       000060  000075  0000D5        60       1  BANK0   
                smallconst                     000800  000016  000816       400       0  SMALLCON
                text37                         000816  000E7C  001692       40B       0  CODE    
                idloc                          200000  000008  200008    200000       0  IDLOC   
                config                         300000  00000E  30000E    300000       0  CONFIG  


UNUSED ADDRESS RANGES

        Name                Unused          Largest block    Delta
        BANK0            0000D5-0000FF               2B
        BANK1            000100-0001FF              100
        BANK2            000200-0002FF              100
        BANK3            000300-0003FF              100
        BANK4            000400-0004FF              100
        BANK5            000500-0005FF              100
        BANK6            000600-0006FF              100
        BANK7            000700-0007FF              100
        BIGRAM           000049-00005F               17
                         0000D5-0007FF              72B
        CODE             000004-000007                4
                         000012-0007FF              7EE
                         001692-007FFF             696E
        COMRAM           000049-00005F               17
        CONST            000004-000007                4
                         000012-0007FF              7EE
                         001692-007FFF             696E
        EEDATA           F00000-F000FF              100
        MEDIUMCONST      001692-007FFF             696E
        RAM              0000D5-0007FF              100
        SFR              000F60-000FFF               A0
        SMALLCONST       001692-007FFF              100
        STACK            0000D5-0007FF              72B

                                  Symbol Table

?_ADC_GetConversionResult              cstackCOMRAM 000025
?___lwdiv                              cstackCOMRAM 00003C
?___lwmod                              cstackBANK0  0000C2
?_sprintf                              cstackBANK0  0000C6
ADC_StartConversion@channel            cstackCOMRAM 00003D
Delay10KTCYx@unit                      cstackCOMRAM 00003D
I2C1_ISR@i2c_10bit_address_restart     bssCOMRAM    000017
I2C1_ISR@i2c_address                   bssCOMRAM    000023
I2C1_ISR@i2c_bytes_left                bssCOMRAM    000018
I2C1_ISR@pi2c_buf_ptr                  bssBANK0     00009C
I2C1_MasterRead@trBlock                bssBANK0     0000A6
I2C1_MasterWrite@trBlock               bssBANK0     0000AC
INTERRUPT_InterruptManager@__portb__   cstackCOMRAM 00003B
OpenXLCD@lcdtype                       cstackCOMRAM 000040
SetDDRamAddr@DDaddr                    cstackCOMRAM 00003F
WriteCmdXLCD@cmd                       cstackCOMRAM 00003C
WriteDataXLCD@data                     cstackCOMRAM 00003C
WriteSWSPI@input                       bssCOMRAM    000022
_ADCON0                                (abs)        000FC2
_ADCON0bits                            (abs)        000FC2
_ADCON1bits                            (abs)        000FC1
_ADCON2                                (abs)        000FC0
_ADC_Flag                              bssCOMRAM    000021
_ADC_GetConversionResult               text44       00161C
_ADC_ISR                               text43       001642
_ADC_Initialize                        text25       0015AA
_ADC_StartConversion                   text12       001576
_ADC_Value                             bssBANK0     0000A0
_ADRESH                                (abs)        000FC4
_ADRESL                                (abs)        000FC3
_BAUDCON                               (abs)        000FB8
_BusyXLCD                              text20       001418
_CCP2CON                               (abs)        000FBA
_CCPR2H                                (abs)        000FBC
_CCPR2L                                (abs)        000FBB
_D_Buffer                              bssBANK0     0000BD
_Delay10KTCYx                          text19       0015F2
_DelayFor18TCY                         text21       001668
_DelayPORXLCD                          text18       001630
_EEADR                                 (abs)        000FA9
_EECON1bits                            (abs)        000FA6
_EECON2                                (abs)        000FA7
_EEDATA                                (abs)        000FA8
_EUSART1_Receive_ISR                   text42       00165E
_EUSART1_Transmit_ISR                  text41       0014B4
_I2C1_BusCollisionISR                  text40       001690
_I2C1_FunctionComplete                 text39       0015C4
_I2C1_ISR                              text37       000816
_I2C1_Stop                             text38       001670
_INTCON2bits                           (abs)        000FF1
_INTCON3bits                           (abs)        000FF0
_INTCONbits                            (abs)        000FF2
_INTERRUPT_Initialize                  text24       00155A
_INTERRUPT_InterruptManager            intcode      000008
_IPEN                                  (abs)        007E87
_IPR1bits                              (abs)        000F9F
_IPR2bits                              (abs)        000FA2
_LATDbits                              (abs)        000F8C
_MEMORY_ISR                            text36       00168E
_OSCCON                                (abs)        000FD3
_OSCILLATOR_Initialize                 text23       001654
_OSCTUNE                               (abs)        000F9B
_OpenXLCD                              text15       00116A
_PIE1bits                              (abs)        000F9D
_PIE2bits                              (abs)        000FA0
_PIN_MANAGER_INT0                      text35       00168C
_PIN_MANAGER_INT1                      text34       00168A
_PIN_MANAGER_INT2                      text33       001688
_PIN_MANAGER_IOC                       text32       001686
_PIN_MANAGER_Initialize                text22       001590
_PIR1bits                              (abs)        000F9E
_PIR2bits                              (abs)        000FA1
_PORTB                                 (abs)        000F81
_PORTBbits                             (abs)        000F81
_PORTD                                 (abs)        000F83
_PR2                                   (abs)        000FCB
_RCSTA1                                (abs)        000FAB
_RCSTA1bits                            (abs)        000FAB
_SPBRG1                                (abs)        000FAF
_SPBRGH                                (abs)        000FB0
_SSPADD                                (abs)        000FC8
_SSPBUF                                (abs)        000FC9
_SSPCON1                               (abs)        000FC6
_SSPCON1bits                           (abs)        000FC6
_SSPCON2                               (abs)        000FC5
_SSPCON2bits                           (abs)        000FC5
_SSPSTAT                               (abs)        000FC7
_SSPSTATbits                           (abs)        000FC7
_SYSTEM_Initialize                     text13       0015DC
_SetDDRamAddr                          text17       0012C8
_T0CON                                 (abs)        000FD5
_T0CONbits                             (abs)        000FD5
_T1CON                                 (abs)        000FCD
_T1CONbits                             (abs)        000FCD
_T2CON                                 (abs)        000FCA
_T2CONbits                             (abs)        000FCA
_T3CON                                 (abs)        000FB1
_T3CONbits                             (abs)        000FB1
_TABLAT                                (abs)        000FF5
_TBLPTRH                               (abs)        000FF7
_TBLPTRL                               (abs)        000FF6
_TBLPTRU                               (abs)        000FF8
_TMR0H                                 (abs)        000FD7
_TMR0L                                 (abs)        000FD6
_TMR0_ISR                              text31       001684
_TMR1H                                 (abs)        000FCF
_TMR1L                                 (abs)        000FCE
_TMR1_ISR                              text30       001682
_TMR1_InterruptHandler                 bssBANK0     0000A4
_TMR2                                  (abs)        000FCC
_TMR2_ISR                              text29       001680
_TMR2_InterruptHandler                 bssBANK0     0000A2
_TMR3                                  (abs)        000FB2
_TMR3H                                 (abs)        000FB3
_TMR3L                                 (abs)        000FB2
_TMR3_DefaultInterruptHandler          text28       00167E
_TMR3_ISR                              text27       001532
_TMR3_InterruptHandler                 bssCOMRAM    000014
_TRISAbits                             (abs)        000F92
_TRISBbits                             (abs)        000F93
_TRISD                                 (abs)        000F95
_TRISDbits                             (abs)        000F95
_TXREG1                                (abs)        000FAD
_TXSTA1                                (abs)        000FAC
_WriteCmdXLCD                          text16       00139E
_WriteDataXLCD                         text11       001360
_XLCD_Initialize                       text14       0013DC
__CFG_BOR$OFF                          (abs)        000000
__CFG_BORV$3                           (abs)        000000
__CFG_CCP2MX$OFF                       (abs)        000000
__CFG_CP0$OFF                          (abs)        000000
__CFG_CP1$OFF                          (abs)        000000
__CFG_CP2$OFF                          (abs)        000000
__CFG_CP3$OFF                          (abs)        000000
__CFG_CPB$OFF                          (abs)        000000
__CFG_CPD$OFF                          (abs)        000000
__CFG_CPUDIV$OSC3_PLL4                 (abs)        000000
__CFG_EBTR0$OFF                        (abs)        000000
__CFG_EBTR1$OFF                        (abs)        000000
__CFG_EBTR2$OFF                        (abs)        000000
__CFG_EBTR3$OFF                        (abs)        000000
__CFG_EBTRB$OFF                        (abs)        000000
__CFG_FCMEN$OFF                        (abs)        000000
__CFG_FOSC$HSPLL_HS                    (abs)        000000
__CFG_ICPRT$OFF                        (abs)        000000
__CFG_IESO$OFF                         (abs)        000000
__CFG_LPT1OSC$OFF                      (abs)        000000
__CFG_LVP$OFF                          (abs)        000000
__CFG_MCLRE$ON                         (abs)        000000
__CFG_PBADEN$OFF                       (abs)        000000
__CFG_PLLDIV$5                         (abs)        000000
__CFG_PWRT$ON                          (abs)        000000
__CFG_STVREN$OFF                       (abs)        000000
__CFG_USBDIV$2                         (abs)        000000
__CFG_VREGEN$OFF                       (abs)        000000
__CFG_WDT$OFF                          (abs)        000000
__CFG_WDTPS$32768                      (abs)        000000
__CFG_WRT0$OFF                         (abs)        000000
__CFG_WRT1$OFF                         (abs)        000000
__CFG_WRT2$OFF                         (abs)        000000
__CFG_WRT3$OFF                         (abs)        000000
__CFG_WRTB$OFF                         (abs)        000000
__CFG_WRTC$OFF                         (abs)        000000
__CFG_WRTD$OFF                         (abs)        000000
__CFG_XINST$OFF                        (abs)        000000
__HRAM                                 (abs)        000000
__Habs1                                abs1         000000
__Hbank0                               bank0        000000
__Hbank1                               bank1        000000
__Hbank2                               bank2        000000
__Hbank3                               bank3        000000
__Hbank4                               bank4        000000
__Hbank5                               bank5        000000
__Hbank6                               bank6        000000
__Hbank7                               bank7        000000
__Hbigbss                              bigbss       000000
__Hbigdata                             bigdata      000000
__Hbigram                              bigram       000000
__Hbss                                 bss          000000
__HbssBANK0                            bssBANK0     000000
__HbssCOMRAM                           bssCOMRAM    000000
__Hcinit                               cinit        000000
__Hclrtext                             clrtext      000000
__Hcomram                              comram       000000
__Hconfig                              config       30000E
__Hconst                               const        000000
__HcstackBANK0                         cstackBANK0  000000
__HcstackCOMRAM                        cstackCOMRAM 000000
__Hdata                                data         000000
__HdataCOMRAM                          dataCOMRAM   000000
__Heeprom_data                         eeprom_data  000000
__Hfarbss                              farbss       000000
__Hfardata                             fardata      000000
__Hibigdata                            ibigdata     000000
__Hidata                               idata        000000
__HidataCOMRAM                         idataCOMRAM  000000
__Hidloc                               idloc        200008
__Hifardata                            ifardata     000000
__Hinit                                init         000012
__Hintcode                             intcode      00000E
__Hintcode_body                        intcode_body 000000
__Hintcodelo                           intcodelo    00000E
__Hintentry                            intentry     000000
__Hintret                              intret       000000
__Hintsave_regs                        intsave_regs 000000
__Hirdata                              irdata       000000
__Hmediumconst                         mediumconst  000000
__HnvFARRAM                            nvFARRAM     000000
__Hnvbit                               nvbit        000000
__Hnvrram                              nvrram       000000
__Hparam                               rparam       000000
__Hpowerup                             powerup      00000E
__Hram                                 ram          000000
__Hramtop                              ramtop       000800
__Hrbit                                rbit         000000
__Hrbss                                rbss         000000
__Hrdata                               rdata        000000
__Hreset_vec                           reset_vec    000004
__Hrparam                              rparam       000000
__Hsfr                                 sfr          000000
__Hsmallconst                          smallconst   000816
__Hspace_0                             (abs)        30000E
__Hspace_1                             (abs)        0000D5
__Hspace_2                             (abs)        000000
__Hstack                               stack        000000
__Hstruct                              struct       000000
__Htemp                                temp         000049
__Htext                                text         000000
__Htext0                               text0        000000
__Htext1                               text1        000000
__Htext10                              text10       000000
__Htext11                              text11       000000
__Htext12                              text12       000000
__Htext13                              text13       000000
__Htext14                              text14       000000
__Htext15                              text15       000000
__Htext16                              text16       000000
__Htext17                              text17       000000
__Htext18                              text18       000000
__Htext19                              text19       000000
__Htext2                               text2        000000
__Htext20                              text20       000000
__Htext21                              text21       000000
__Htext22                              text22       000000
__Htext23                              text23       000000
__Htext24                              text24       000000
__Htext25                              text25       000000
__Htext27                              text27       000000
__Htext28                              text28       000000
__Htext29                              text29       000000
__Htext3                               text3        000000
__Htext30                              text30       000000
__Htext31                              text31       000000
__Htext32                              text32       000000
__Htext33                              text33       000000
__Htext34                              text34       000000
__Htext35                              text35       000000
__Htext36                              text36       000000
__Htext37                              text37       000000
__Htext38                              text38       000000
__Htext39                              text39       000000
__Htext4                               text4        000000
__Htext40                              text40       000000
__Htext41                              text41       000000
__Htext42                              text42       000000
__Htext43                              text43       000000
__Htext44                              text44       000000
__Htext45                              text45       000000
__Htext5                               text5        000000
__Htext6                               text6        000000
__Htext7                               text7        000000
__Htext8                               text8        000000
__Htext9                               text9        000000
__LRAM                                 (abs)        000001
__Labs1                                abs1         000000
__Lbank0                               bank0        000000
__Lbank1                               bank1        000000
__Lbank2                               bank2        000000
__Lbank3                               bank3        000000
__Lbank4                               bank4        000000
__Lbank5                               bank5        000000
__Lbank6                               bank6        000000
__Lbank7                               bank7        000000
__Lbigbss                              bigbss       000000
__Lbigdata                             bigdata      000000
__Lbigram                              bigram       000000
__Lbss                                 bss          000000
__LbssBANK0                            bssBANK0     000000
__LbssCOMRAM                           bssCOMRAM    000000
__Lcinit                               cinit        000000
__Lclrtext                             clrtext      000000
__Lcomram                              comram       000000
__Lconfig                              config       300000
__Lconst                               const        000000
__LcstackBANK0                         cstackBANK0  000000
__LcstackCOMRAM                        cstackCOMRAM 000000
__Ldata                                data         000000
__LdataCOMRAM                          dataCOMRAM   000000
__Leeprom_data                         eeprom_data  000000
__Lfarbss                              farbss       000000
__Lfardata                             fardata      000000
__Libigdata                            ibigdata     000000
__Lidata                               idata        000000
__LidataCOMRAM                         idataCOMRAM  000000
__Lidloc                               idloc        200000
__Lifardata                            ifardata     000000
__Linit                                init         00000E
__Lintcode                             intcode      000008
__Lintcode_body                        intcode_body 000000
__Lintcodelo                           intcodelo    00000E
__Lintentry                            intentry     000000
__Lintret                              intret       000000
__Lintsave_regs                        intsave_regs 000000
__Lirdata                              irdata       000000
__Lmediumconst                         mediumconst  000000
__LnvFARRAM                            nvFARRAM     000000
__Lnvbit                               nvbit        000000
__Lnvrram                              nvrram       000000
__Lparam                               rparam       000000
__Lpowerup                             powerup      00000E
__Lram                                 ram          000000
__Lramtop                              ramtop       000800
__Lrbit                                rbit         000000
__Lrbss                                rbss         000000
__Lrdata                               rdata        000000
__Lreset_vec                           reset_vec    000000
__Lrparam                              rparam       000000
__Lsfr                                 sfr          000000
__Lsmallconst                          smallconst   000800
__Lspace_0                             (abs)        000000
__Lspace_1                             (abs)        000000
__Lspace_2                             (abs)        000000
__Lstack                               stack        000000
__Lstruct                              struct       000000
__Ltemp                                temp         000048
__Ltext                                text         000000
__Ltext0                               text0        000000
__Ltext1                               text1        000000
__Ltext10                              text10       000000
__Ltext11                              text11       000000
__Ltext12                              text12       000000
__Ltext13                              text13       000000
__Ltext14                              text14       000000
__Ltext15                              text15       000000
__Ltext16                              text16       000000
__Ltext17                              text17       000000
__Ltext18                              text18       000000
__Ltext19                              text19       000000
__Ltext2                               text2        000000
__Ltext20                              text20       000000
__Ltext21                              text21       000000
__Ltext22                              text22       000000
__Ltext23                              text23       000000
__Ltext24                              text24       000000
__Ltext25                              text25       000000
__Ltext27                              text27       000000
__Ltext28                              text28       000000
__Ltext29                              text29       000000
__Ltext3                               text3        000000
__Ltext30                              text30       000000
__Ltext31                              text31       000000
__Ltext32                              text32       000000
__Ltext33                              text33       000000
__Ltext34                              text34       000000
__Ltext35                              text35       000000
__Ltext36                              text36       000000
__Ltext37                              text37       000000
__Ltext38                              text38       000000
__Ltext39                              text39       000000
__Ltext4                               text4        000000
__Ltext40                              text40       000000
__Ltext41                              text41       000000
__Ltext42                              text42       000000
__Ltext43                              text43       000000
__Ltext44                              text44       000000
__Ltext45                              text45       000000
__Ltext5                               text5        000000
__Ltext6                               text6        000000
__Ltext7                               text7        000000
__Ltext8                               text8        000000
__Ltext9                               text9        000000
__S0                                   (abs)        30000E
__S1                                   (abs)        0000D5
__S2                                   (abs)        000000
___inthi_sp                            stack        000000
___intlo_sp                            stack        000000
___lwdiv                               text4        00120E
___lwdiv@counter                       cstackBANK0  0000BF
___lwdiv@dividend                      cstackCOMRAM 00003C
___lwdiv@divisor                       cstackCOMRAM 00003E
___lwdiv@quotient                      cstackBANK0  0000C0
___lwmod                               text3        00126C
___lwmod@counter                       cstackCOMRAM 000040
___lwmod@dividend                      cstackBANK0  0000C2
___lwmod@divisor                       cstackBANK0  0000C4
___param_bank                          (abs)        000000
___rparam_used                         (abs)        000001
___sp                                  stack        000000
__accesstop                            (abs)        000060
__activetblptr                         (abs)        000002
__end_of_ADC_GetConversionResult       text44       001630
__end_of_ADC_ISR                       text43       001654
__end_of_ADC_Initialize                text25       0015C4
__end_of_ADC_StartConversion           text12       001590
__end_of_BusyXLCD                      text20       001452
__end_of_Delay10KTCYx                  text19       001608
__end_of_DelayFor18TCY                 text21       001670
__end_of_DelayPORXLCD                  text18       001642
__end_of_EUSART1_Receive_ISR           text42       001668
__end_of_EUSART1_Transmit_ISR          text41       0014E2
__end_of_I2C1_BusCollisionISR          text40       001692
__end_of_I2C1_FunctionComplete         text39       0015DC
__end_of_I2C1_ISR                      text37       000A3C
__end_of_I2C1_Stop                     text38       001678
__end_of_INTERRUPT_Initialize          text24       001576
__end_of_INTERRUPT_InterruptManager    intcode_body 0010A0
__end_of_MEMORY_ISR                    text36       001690
__end_of_OSCILLATOR_Initialize         text23       00165E
__end_of_OpenXLCD                      text15       00120E
__end_of_PIN_MANAGER_INT0              text35       00168E
__end_of_PIN_MANAGER_INT1              text34       00168C
__end_of_PIN_MANAGER_INT2              text33       00168A
__end_of_PIN_MANAGER_IOC               text32       001688
__end_of_PIN_MANAGER_Initialize        text22       0015AA
__end_of_SYSTEM_Initialize             text13       0015F2
__end_of_SetDDRamAddr                  text17       00131A
__end_of_TMR0_ISR                      text31       001686
__end_of_TMR1_ISR                      text30       001684
__end_of_TMR2_ISR                      text29       001682
__end_of_TMR3_DefaultInterruptHandler  text28       001680
__end_of_TMR3_ISR                      text27       00155A
__end_of_WriteCmdXLCD                  text16       0013DC
__end_of_WriteDataXLCD                 text11       00139E
__end_of_XLCD_Initialize               text14       001418
__end_of___lwdiv                       text4        00126C
__end_of___lwmod                       text3        0012C8
__end_of__initialization               cinit        001352
__end_of_dpowers                       smallconst   00080B
__end_of_drive                         text1        000DBC
__end_of_enemigo1                      text9        001532
__end_of_enemigo2                      text8        00150A
__end_of_main                          text0        00161C
__end_of_marcador                      text7        000C08
__end_of_putrsXLCD                     text10       001486
__end_of_putsXLCD                      text6        0014B4
__end_of_restarPuntos                  text5        00116A
__end_of_sprintf                       text2        000F3A
__initialization                       cinit        00131A
__mediumconst                          mediumconst  000000
__pbssBANK0                            bssBANK0     000060
__pbssCOMRAM                           bssCOMRAM    000001
__pcinit                               cinit        00131A
__pcstackBANK0                         cstackBANK0  0000BF
__pcstackCOMRAM                        cstackCOMRAM 000025
__pdataCOMRAM                          dataCOMRAM   000042
__pidataCOMRAM                         idataCOMRAM  001678
__pintcode                             intcode      000008
__pintcode_body                        intcode_body 000F3A
__psmallconst                          smallconst   000800
__ptext0                               text0        001608
__ptext1                               text1        000C08
__ptext10                              text10       001452
__ptext11                              text11       001360
__ptext12                              text12       001576
__ptext13                              text13       0015DC
__ptext14                              text14       0013DC
__ptext15                              text15       00116A
__ptext16                              text16       00139E
__ptext17                              text17       0012C8
__ptext18                              text18       001630
__ptext19                              text19       0015F2
__ptext2                               text2        000DBC
__ptext20                              text20       001418
__ptext21                              text21       001668
__ptext22                              text22       001590
__ptext23                              text23       001654
__ptext24                              text24       00155A
__ptext25                              text25       0015AA
__ptext27                              text27       001532
__ptext28                              text28       00167E
__ptext29                              text29       001680
__ptext3                               text3        00126C
__ptext30                              text30       001682
__ptext31                              text31       001684
__ptext32                              text32       001686
__ptext33                              text33       001688
__ptext34                              text34       00168A
__ptext35                              text35       00168C
__ptext36                              text36       00168E
__ptext37                              text37       000816
__ptext38                              text38       001670
__ptext39                              text39       0015C4
__ptext4                               text4        00120E
__ptext40                              text40       001690
__ptext41                              text41       0014B4
__ptext42                              text42       00165E
__ptext43                              text43       001642
__ptext44                              text44       00161C
__ptext45                              text45       000000
__ptext5                               text5        0010A0
__ptext6                               text6        001486
__ptext7                               text7        000A3C
__ptext8                               text8        0014E2
__ptext9                               text9        00150A
__ramtop                               ramtop       000800
__size_of_ADC_GetConversionResult      (abs)        000000
__size_of_ADC_ISR                      (abs)        000000
__size_of_ADC_Initialize               (abs)        000000
__size_of_ADC_StartConversion          (abs)        000000
__size_of_BusyXLCD                     (abs)        000000
__size_of_Delay10KTCYx                 (abs)        000000
__size_of_DelayFor18TCY                (abs)        000000
__size_of_DelayPORXLCD                 (abs)        000000
__size_of_EUSART1_Receive_ISR          (abs)        000000
__size_of_EUSART1_Transmit_ISR         (abs)        000000
__size_of_I2C1_BusCollisionISR         (abs)        000000
__size_of_I2C1_FunctionComplete        (abs)        000000
__size_of_I2C1_ISR                     (abs)        000000
__size_of_I2C1_Stop                    (abs)        000000
__size_of_INTERRUPT_Initialize         (abs)        000000
__size_of_INTERRUPT_InterruptManager   (abs)        000000
__size_of_MEMORY_ISR                   (abs)        000000
__size_of_OSCILLATOR_Initialize        (abs)        000000
__size_of_OpenXLCD                     (abs)        000000
__size_of_PIN_MANAGER_INT0             (abs)        000000
__size_of_PIN_MANAGER_INT1             (abs)        000000
__size_of_PIN_MANAGER_INT2             (abs)        000000
__size_of_PIN_MANAGER_IOC              (abs)        000000
__size_of_PIN_MANAGER_Initialize       (abs)        000000
__size_of_SYSTEM_Initialize            (abs)        000000
__size_of_SetDDRamAddr                 (abs)        000000
__size_of_TMR0_ISR                     (abs)        000000
__size_of_TMR1_ISR                     (abs)        000000
__size_of_TMR2_ISR                     (abs)        000000
__size_of_TMR3_DefaultInterruptHandler (abs)        000000
__size_of_TMR3_ISR                     (abs)        000000
__size_of_WriteCmdXLCD                 (abs)        000000
__size_of_WriteDataXLCD                (abs)        000000
__size_of_XLCD_Initialize              (abs)        000000
__size_of___lwdiv                      (abs)        000000
__size_of___lwmod                      (abs)        000000
__size_of_drive                        (abs)        000000
__size_of_enemigo1                     (abs)        000000
__size_of_enemigo2                     (abs)        000000
__size_of_main                         (abs)        000000
__size_of_marcador                     (abs)        000000
__size_of_putrsXLCD                    (abs)        000000
__size_of_putsXLCD                     (abs)        000000
__size_of_restarPuntos                 (abs)        000000
__size_of_sprintf                      (abs)        000000
__smallconst                           smallconst   000800
_buffer                                bssBANK0     0000B8
_dpowers                               smallconst   000801
_drive                                 text1        000C08
_enemigo1                              text9        00150A
_enemigo2                              text8        0014E2
_eusart1RxBuffer                       bssBANK0     000060
_eusart1RxCount                        bssCOMRAM    00001B
_eusart1RxTail                         bssCOMRAM    00001C
_eusart1TxBuffer                       bssBANK0     000092
_eusart1TxBufferRemaining              bssCOMRAM    00001E
_eusart1TxHead                         bssCOMRAM    000020
_eusart1TxTail                         bssCOMRAM    00001F
_i2c1_object                           bssCOMRAM    000001
_i2c1_state                            bssCOMRAM    00001A
_i2c1_tr_queue                         bssBANK0     0000B2
_i2c1_trb_count                        bssCOMRAM    000019
_main                                  text0        001608
_marcador                              text7        000A3C
_p_i2c1_current                        bssBANK0     00009E
_p_i2c1_trb_current                    bssCOMRAM    000012
_posDrive                              bssCOMRAM    00000E
_posEne1                               dataCOMRAM   000044
_posEne2                               dataCOMRAM   000042
_posEnemy                              bssBANK0     00009A
_puntos                                bssCOMRAM    000010
_putrsXLCD                             text10       001452
_putsXLCD                              text6        001486
_repeticion                            dataCOMRAM   000046
_restarPuntos                          text5        0010A0
_sprintf                               text2        000DBC
_timer0ReloadVal                       bssCOMRAM    00000C
_timer0ReloadVal8bit                   bssCOMRAM    000016
_timer1ReloadVal                       bssCOMRAM    00000A
_timer3ReloadVal                       bssCOMRAM    000008
btemp                                  temp         000048
end_of_initialization                  cinit        001352
int$flags                              temp         000048
int_func                               intcode_body 000F3A
intlevel0                              text         000000
intlevel1                              text         000000
intlevel2                              text         000000
intlevel3                              text         000000
putrsXLCD@buffer                       cstackCOMRAM 00003D
putsXLCD@buffer                        cstackCOMRAM 00003D
sprintf@ap                             cstackBANK0  0000CC
sprintf@c                              cstackBANK0  0000D2
sprintf@f                              cstackBANK0  0000C8
sprintf@flag                           cstackBANK0  0000CE
sprintf@prec                           cstackBANK0  0000CF
sprintf@sp                             cstackBANK0  0000C6
sprintf@val                            cstackBANK0  0000D0
stackhi                                (abs)        0007FF
stacklo                                (abs)        0000D5
start                                  init         00000E
start_initialization                   cinit        00131A
wtemp6                                 temp         000049


FUNCTION INFORMATION:

 *************** function _main *****************
 Defined at:
		line 261 in file "main.c"
 Parameters:    Size  Location     Type
		None
 Auto vars:     Size  Location     Type
		None
 Return value:  Size  Location     Type
                  1    wreg      void 
 Registers used:
		wreg, fsr2l, fsr2h, status,2, status,0, tblptrl, tblptrh, tblptru, prodl, prodh, cstack
 Tracked objects:
		On entry : 
		On exit  : 
		Unchanged: 
 Data sizes:     COMRAM   BANK0   BANK1   BANK2   BANK3   BANK4   BANK5   BANK6   BANK7
      Params:         0       0       0       0       0       0       0       0       0
      Locals:         0       0       0       0       0       0       0       0       0
      Temps:          0       0       0       0       0       0       0       0       0
      Totals:         0       0       0       0       0       0       0       0       0
Total ram usage:        0 bytes
 Hardware stack levels required when called:    8
 This function calls:
		_ADC_StartConversion
		_SYSTEM_Initialize
		_drive
 This function is called by:
		Startup code after reset
 This function uses a non-reentrant model


 *************** function _drive *****************
 Defined at:
		line 170 in file "main.c"
 Parameters:    Size  Location     Type
		None
 Auto vars:     Size  Location     Type
		None
 Return value:  Size  Location     Type
                  1    wreg      void 
 Registers used:
		wreg, fsr2l, fsr2h, status,2, status,0, tblptrl, tblptrh, tblptru, prodl, prodh, cstack
 Tracked objects:
		On entry : 
		On exit  : 
		Unchanged: 
 Data sizes:     COMRAM   BANK0   BANK1   BANK2   BANK3   BANK4   BANK5   BANK6   BANK7
      Params:         0       0       0       0       0       0       0       0       0
      Locals:         0       0       0       0       0       0       0       0       0
      Temps:          0       2       0       0       0       0       0       0       0
      Totals:         0       2       0       0       0       0       0       0       0
Total ram usage:        2 bytes
 Hardware stack levels used:    1
 Hardware stack levels required when called:    7
 This function calls:
		_ADC_StartConversion
		_BusyXLCD
		_SetDDRamAddr
		_WriteCmdXLCD
		_enemigo1
		_enemigo2
		_marcador
		_putrsXLCD
		_putsXLCD
		_restarPuntos
		_sprintf
 This function is called by:
		_main
 This function uses a non-reentrant model


 *************** function _sprintf *****************
 Defined at:
		line 492 in file "C:\Program Files (x86)\Microchip\xc8\v1.43\sources\common\doprnt.c"
 Parameters:    Size  Location     Type
  sp              2    7[BANK0 ] PTR unsigned char 
		 -> buffer(5), D_Buffer(2), 
  f               2    9[BANK0 ] PTR const unsigned char 
		 -> STR_5(5), STR_4(2), 
 Auto vars:     Size  Location     Type
  tmpval          4    0        struct .
  cp              3    0        PTR const unsigned char 
  val             2   17[BANK0 ] unsigned int 
  ap              2   13[BANK0 ] PTR void [1]
		 -> ?_sprintf(2), 
  len             2    0        unsigned int 
  c               1   19[BANK0 ] char 
  prec            1   16[BANK0 ] char 
  flag            1   15[BANK0 ] unsigned char 
 Return value:  Size  Location     Type
                  2    7[BANK0 ] int 
 Registers used:
		wreg, fsr2l, fsr2h, status,2, status,0, tblptrl, tblptrh, tblptru, prodl, prodh, cstack
 Tracked objects:
		On entry : 
		On exit  : 
		Unchanged: 
 Data sizes:     COMRAM   BANK0   BANK1   BANK2   BANK3   BANK4   BANK5   BANK6   BANK7
      Params:         0       6       0       0       0       0       0       0       0
      Locals:         0       7       0       0       0       0       0       0       0
      Temps:          1       0       0       0       0       0       0       0       0
      Totals:         1      13       0       0       0       0       0       0       0
Total ram usage:       14 bytes
 Hardware stack levels used:    1
 Hardware stack levels required when called:    4
 This function calls:
		___lwdiv
		___lwmod
 This function is called by:
		_drive
 This function uses a non-reentrant model


 *************** function ___lwmod *****************
 Defined at:
		line 8 in file "C:\Program Files (x86)\Microchip\xc8\v1.43\sources\common\lwmod.c"
 Parameters:    Size  Location     Type
  dividend        2    3[BANK0 ] unsigned int 
  divisor         2    5[BANK0 ] unsigned int 
 Auto vars:     Size  Location     Type
  counter         1   27[COMRAM] unsigned char 
 Return value:  Size  Location     Type
                  2    3[BANK0 ] unsigned int 
 Registers used:
		wreg, status,2, status,0
 Tracked objects:
		On entry : 
		On exit  : 
		Unchanged: 
 Data sizes:     COMRAM   BANK0   BANK1   BANK2   BANK3   BANK4   BANK5   BANK6   BANK7
      Params:         0       4       0       0       0       0       0       0       0
      Locals:         1       0       0       0       0       0       0       0       0
      Temps:          0       0       0       0       0       0       0       0       0
      Totals:         1       4       0       0       0       0       0       0       0
Total ram usage:        5 bytes
 Hardware stack levels used:    1
 Hardware stack levels required when called:    3
 This function calls:
		Nothing
 This function is called by:
		_sprintf
 This function uses a non-reentrant model


 *************** function ___lwdiv *****************
 Defined at:
		line 8 in file "C:\Program Files (x86)\Microchip\xc8\v1.43\sources\common\lwdiv.c"
 Parameters:    Size  Location     Type
  dividend        2   23[COMRAM] unsigned int 
  divisor         2   25[COMRAM] unsigned int 
 Auto vars:     Size  Location     Type
  quotient        2    1[BANK0 ] unsigned int 
  counter         1    0[BANK0 ] unsigned char 
 Return value:  Size  Location     Type
                  2   23[COMRAM] unsigned int 
 Registers used:
		wreg, status,2, status,0
 Tracked objects:
		On entry : 
		On exit  : 
		Unchanged: 
 Data sizes:     COMRAM   BANK0   BANK1   BANK2   BANK3   BANK4   BANK5   BANK6   BANK7
      Params:         4       0       0       0       0       0       0       0       0
      Locals:         0       3       0       0       0       0       0       0       0
      Temps:          0       0       0       0       0       0       0       0       0
      Totals:         4       3       0       0       0       0       0       0       0
Total ram usage:        7 bytes
 Hardware stack levels used:    1
 Hardware stack levels required when called:    3
 This function calls:
		Nothing
 This function is called by:
		_sprintf
 This function uses a non-reentrant model


 *************** function _restarPuntos *****************
 Defined at:
		line 129 in file "main.c"
 Parameters:    Size  Location     Type
		None
 Auto vars:     Size  Location     Type
		None
 Return value:  Size  Location     Type
                  1    wreg      void 
 Registers used:
		wreg, status,2, status,0
 Tracked objects:
		On entry : 
		On exit  : 
		Unchanged: 
 Data sizes:     COMRAM   BANK0   BANK1   BANK2   BANK3   BANK4   BANK5   BANK6   BANK7
      Params:         0       0       0       0       0       0       0       0       0
      Locals:         0       0       0       0       0       0       0       0       0
      Temps:          0       0       0       0       0       0       0       0       0
      Totals:         0       0       0       0       0       0       0       0       0
Total ram usage:        0 bytes
 Hardware stack levels used:    1
 Hardware stack levels required when called:    3
 This function calls:
		Nothing
 This function is called by:
		_drive
 This function uses a non-reentrant model


 *************** function _putsXLCD *****************
 Defined at:
		line 16 in file "XLCD/putsxlcd.c"
 Parameters:    Size  Location     Type
  buffer          2   24[COMRAM] PTR unsigned char 
		 -> buffer(5), D_Buffer(2), 
 Auto vars:     Size  Location     Type
		None
 Return value:  Size  Location     Type
                  1    wreg      void 
 Registers used:
		wreg, fsr2l, fsr2h, status,2, status,0, cstack
 Tracked objects:
		On entry : 
		On exit  : 
		Unchanged: 
 Data sizes:     COMRAM   BANK0   BANK1   BANK2   BANK3   BANK4   BANK5   BANK6   BANK7
      Params:         2       0       0       0       0       0       0       0       0
      Locals:         0       0       0       0       0       0       0       0       0
      Temps:          0       0       0       0       0       0       0       0       0
      Totals:         2       0       0       0       0       0       0       0       0
Total ram usage:        2 bytes
 Hardware stack levels used:    1
 Hardware stack levels required when called:    5
 This function calls:
		_BusyXLCD
		_WriteDataXLCD
 This function is called by:
		_drive
 This function uses a non-reentrant model


 *************** function _marcador *****************
 Defined at:
		line 64 in file "main.c"
 Parameters:    Size  Location     Type
		None
 Auto vars:     Size  Location     Type
		None
 Return value:  Size  Location     Type
                  1    wreg      void 
 Registers used:
		wreg, status,2, status,0
 Tracked objects:
		On entry : 
		On exit  : 
		Unchanged: 
 Data sizes:     COMRAM   BANK0   BANK1   BANK2   BANK3   BANK4   BANK5   BANK6   BANK7
      Params:         0       0       0       0       0       0       0       0       0
      Locals:         0       0       0       0       0       0       0       0       0
      Temps:          2       0       0       0       0       0       0       0       0
      Totals:         2       0       0       0       0       0       0       0       0
Total ram usage:        2 bytes
 Hardware stack levels used:    1
 Hardware stack levels required when called:    3
 This function calls:
		Nothing
 This function is called by:
		_drive
 This function uses a non-reentrant model


 *************** function _enemigo2 *****************
 Defined at:
		line 161 in file "main.c"
 Parameters:    Size  Location     Type
		None
 Auto vars:     Size  Location     Type
		None
 Return value:  Size  Location     Type
                  1    wreg      void 
 Registers used:
		wreg, status,2, status,0, tblptrl, tblptrh, tblptru, cstack
 Tracked objects:
		On entry : 
		On exit  : 
		Unchanged: 
 Data sizes:     COMRAM   BANK0   BANK1   BANK2   BANK3   BANK4   BANK5   BANK6   BANK7
      Params:         0       0       0       0       0       0       0       0       0
      Locals:         0       0       0       0       0       0       0       0       0
      Temps:          0       0       0       0       0       0       0       0       0
      Totals:         0       0       0       0       0       0       0       0       0
Total ram usage:        0 bytes
 Hardware stack levels used:    1
 Hardware stack levels required when called:    6
 This function calls:
		_BusyXLCD
		_SetDDRamAddr
		_putrsXLCD
 This function is called by:
		_drive
 This function uses a non-reentrant model


 *************** function _enemigo1 *****************
 Defined at:
		line 151 in file "main.c"
 Parameters:    Size  Location     Type
		None
 Auto vars:     Size  Location     Type
		None
 Return value:  Size  Location     Type
                  1    wreg      void 
 Registers used:
		wreg, status,2, status,0, tblptrl, tblptrh, tblptru, cstack
 Tracked objects:
		On entry : 
		On exit  : 
		Unchanged: 
 Data sizes:     COMRAM   BANK0   BANK1   BANK2   BANK3   BANK4   BANK5   BANK6   BANK7
      Params:         0       0       0       0       0       0       0       0       0
      Locals:         0       0       0       0       0       0       0       0       0
      Temps:          0       0       0       0       0       0       0       0       0
      Totals:         0       0       0       0       0       0       0       0       0
Total ram usage:        0 bytes
 Hardware stack levels used:    1
 Hardware stack levels required when called:    6
 This function calls:
		_BusyXLCD
		_SetDDRamAddr
		_putrsXLCD
 This function is called by:
		_drive
 This function uses a non-reentrant model


 *************** function _putrsXLCD *****************
 Defined at:
		line 16 in file "XLCD/putrxlcd.c"
 Parameters:    Size  Location     Type
  buffer          2   24[COMRAM] PTR const unsigned char 
		 -> STR_3(2), STR_2(2), STR_1(2), 
 Auto vars:     Size  Location     Type
		None
 Return value:  Size  Location     Type
                  1    wreg      void 
 Registers used:
		wreg, status,2, status,0, tblptrl, tblptrh, tblptru, cstack
 Tracked objects:
		On entry : 
		On exit  : 
		Unchanged: 
 Data sizes:     COMRAM   BANK0   BANK1   BANK2   BANK3   BANK4   BANK5   BANK6   BANK7
      Params:         2       0       0       0       0       0       0       0       0
      Locals:         0       0       0       0       0       0       0       0       0
      Temps:          0       0       0       0       0       0       0       0       0
      Totals:         2       0       0       0       0       0       0       0       0
Total ram usage:        2 bytes
 Hardware stack levels used:    1
 Hardware stack levels required when called:    5
 This function calls:
		_BusyXLCD
		_WriteDataXLCD
 This function is called by:
		_enemigo1
		_enemigo2
		_drive
 This function uses a non-reentrant model


 *************** function _WriteDataXLCD *****************
 Defined at:
		line 16 in file "XLCD/writdata.c"
 Parameters:    Size  Location     Type
  data            1    wreg     unsigned char 
 Auto vars:     Size  Location     Type
  data            1   23[COMRAM] unsigned char 
 Return value:  Size  Location     Type
                  1    wreg      void 
 Registers used:
		wreg, status,2, status,0, cstack
 Tracked objects:
		On entry : 
		On exit  : 
		Unchanged: 
 Data sizes:     COMRAM   BANK0   BANK1   BANK2   BANK3   BANK4   BANK5   BANK6   BANK7
      Params:         0       0       0       0       0       0       0       0       0
      Locals:         1       0       0       0       0       0       0       0       0
      Temps:          0       0       0       0       0       0       0       0       0
      Totals:         1       0       0       0       0       0       0       0       0
Total ram usage:        1 bytes
 Hardware stack levels used:    1
 Hardware stack levels required when called:    4
 This function calls:
		_DelayFor18TCY
 This function is called by:
		_putrsXLCD
		_putsXLCD
 This function uses a non-reentrant model


 *************** function _ADC_StartConversion *****************
 Defined at:
		line 82 in file "adc.c"
 Parameters:    Size  Location     Type
  channel         1    wreg     enum E5249
 Auto vars:     Size  Location     Type
  channel         1   24[COMRAM] enum E5249
 Return value:  Size  Location     Type
                  1    wreg      void 
 Registers used:
		wreg, status,2, status,0
 Tracked objects:
		On entry : 
		On exit  : 
		Unchanged: 
 Data sizes:     COMRAM   BANK0   BANK1   BANK2   BANK3   BANK4   BANK5   BANK6   BANK7
      Params:         0       0       0       0       0       0       0       0       0
      Locals:         1       0       0       0       0       0       0       0       0
      Temps:          1       0       0       0       0       0       0       0       0
      Totals:         2       0       0       0       0       0       0       0       0
Total ram usage:        2 bytes
 Hardware stack levels used:    1
 Hardware stack levels required when called:    3
 This function calls:
		Nothing
 This function is called by:
		_drive
		_main
 This function uses a non-reentrant model


 *************** function _SYSTEM_Initialize *****************
 Defined at:
		line 77 in file "mcc.c"
 Parameters:    Size  Location     Type
		None
 Auto vars:     Size  Location     Type
		None
 Return value:  Size  Location     Type
                  1    wreg      void 
 Registers used:
		wreg, status,2, status,0, cstack
 Tracked objects:
		On entry : 
		On exit  : 
		Unchanged: 
 Data sizes:     COMRAM   BANK0   BANK1   BANK2   BANK3   BANK4   BANK5   BANK6   BANK7
      Params:         0       0       0       0       0       0       0       0       0
      Locals:         0       0       0       0       0       0       0       0       0
      Temps:          0       0       0       0       0       0       0       0       0
      Totals:         0       0       0       0       0       0       0       0       0
Total ram usage:        0 bytes
 Hardware stack levels used:    1
 Hardware stack levels required when called:    7
 This function calls:
		_ADC_Initialize
		_INTERRUPT_Initialize
		_OSCILLATOR_Initialize
		_PIN_MANAGER_Initialize
		_XLCD_Initialize
 This function is called by:
		_main
 This function uses a non-reentrant model


 *************** function _XLCD_Initialize *****************
 Defined at:
		line 6 in file "user_xlcd.c"
 Parameters:    Size  Location     Type
		None
 Auto vars:     Size  Location     Type
		None
 Return value:  Size  Location     Type
                  1    wreg      void 
 Registers used:
		wreg, status,2, status,0, cstack
 Tracked objects:
		On entry : 
		On exit  : 
		Unchanged: 
 Data sizes:     COMRAM   BANK0   BANK1   BANK2   BANK3   BANK4   BANK5   BANK6   BANK7
      Params:         0       0       0       0       0       0       0       0       0
      Locals:         0       0       0       0       0       0       0       0       0
      Temps:          0       0       0       0       0       0       0       0       0
      Totals:         0       0       0       0       0       0       0       0       0
Total ram usage:        0 bytes
 Hardware stack levels used:    1
 Hardware stack levels required when called:    6
 This function calls:
		_BusyXLCD
		_OpenXLCD
		_SetDDRamAddr
		_WriteCmdXLCD
 This function is called by:
		_SYSTEM_Initialize
 This function uses a non-reentrant model


 *************** function _OpenXLCD *****************
 Defined at:
		line 19 in file "XLCD/openxlcd.c"
 Parameters:    Size  Location     Type
  lcdtype         1    wreg     unsigned char 
 Auto vars:     Size  Location     Type
  lcdtype         1   27[COMRAM] unsigned char 
 Return value:  Size  Location     Type
                  1    wreg      void 
 Registers used:
		wreg, status,2, status,0, cstack
 Tracked objects:
		On entry : 
		On exit  : 
		Unchanged: 
 Data sizes:     COMRAM   BANK0   BANK1   BANK2   BANK3   BANK4   BANK5   BANK6   BANK7
      Params:         0       0       0       0       0       0       0       0       0
      Locals:         1       0       0       0       0       0       0       0       0
      Temps:          0       0       0       0       0       0       0       0       0
      Totals:         1       0       0       0       0       0       0       0       0
Total ram usage:        1 bytes
 Hardware stack levels used:    1
 Hardware stack levels required when called:    5
 This function calls:
		_BusyXLCD
		_Delay10KTCYx
		_DelayPORXLCD
		_SetDDRamAddr
		_WriteCmdXLCD
 This function is called by:
		_XLCD_Initialize
 This function uses a non-reentrant model


 *************** function _WriteCmdXLCD *****************
 Defined at:
		line 13 in file "XLCD/wcmdxlcd.c"
 Parameters:    Size  Location     Type
  cmd             1    wreg     unsigned char 
 Auto vars:     Size  Location     Type
  cmd             1   23[COMRAM] unsigned char 
 Return value:  Size  Location     Type
                  1    wreg      void 
 Registers used:
		wreg, status,2, status,0, cstack
 Tracked objects:
		On entry : 
		On exit  : 
		Unchanged: 
 Data sizes:     COMRAM   BANK0   BANK1   BANK2   BANK3   BANK4   BANK5   BANK6   BANK7
      Params:         0       0       0       0       0       0       0       0       0
      Locals:         1       0       0       0       0       0       0       0       0
      Temps:          0       0       0       0       0       0       0       0       0
      Totals:         1       0       0       0       0       0       0       0       0
Total ram usage:        1 bytes
 Hardware stack levels used:    1
 Hardware stack levels required when called:    4
 This function calls:
		_DelayFor18TCY
 This function is called by:
		_OpenXLCD
		_drive
		_XLCD_Initialize
 This function uses a non-reentrant model


 *************** function _SetDDRamAddr *****************
 Defined at:
		line 13 in file "XLCD/setddram.c"
 Parameters:    Size  Location     Type
  DDaddr          1    wreg     unsigned char 
 Auto vars:     Size  Location     Type
  DDaddr          1   26[COMRAM] unsigned char 
 Return value:  Size  Location     Type
                  1    wreg      void 
 Registers used:
		wreg, status,2, status,0, cstack
 Tracked objects:
		On entry : 
		On exit  : 
		Unchanged: 
 Data sizes:     COMRAM   BANK0   BANK1   BANK2   BANK3   BANK4   BANK5   BANK6   BANK7
      Params:         0       0       0       0       0       0       0       0       0
      Locals:         1       0       0       0       0       0       0       0       0
      Temps:          3       0       0       0       0       0       0       0       0
      Totals:         4       0       0       0       0       0       0       0       0
Total ram usage:        4 bytes
 Hardware stack levels used:    1
 Hardware stack levels required when called:    4
 This function calls:
		_DelayFor18TCY
 This function is called by:
		_OpenXLCD
		_enemigo1
		_enemigo2
		_drive
		_XLCD_Initialize
 This function uses a non-reentrant model


 *************** function _DelayPORXLCD *****************
 Defined at:
		line 34 in file "user_xlcd.c"
 Parameters:    Size  Location     Type
		None
 Auto vars:     Size  Location     Type
		None
 Return value:  Size  Location     Type
                  1    wreg      void 
 Registers used:
		wreg
 Tracked objects:
		On entry : 
		On exit  : 
		Unchanged: 
 Data sizes:     COMRAM   BANK0   BANK1   BANK2   BANK3   BANK4   BANK5   BANK6   BANK7
      Params:         0       0       0       0       0       0       0       0       0
      Locals:         0       0       0       0       0       0       0       0       0
      Temps:          1       0       0       0       0       0       0       0       0
      Totals:         1       0       0       0       0       0       0       0       0
Total ram usage:        1 bytes
 Hardware stack levels used:    1
 Hardware stack levels required when called:    3
 This function calls:
		Nothing
 This function is called by:
		_OpenXLCD
 This function uses a non-reentrant model


 *************** function _Delay10KTCYx *****************
 Defined at:
		line 8 in file "C:\Program Files (x86)\Microchip\xc8\v1.43\sources\pic18\d10ktcyx.c"
 Parameters:    Size  Location     Type
  unit            1    wreg     unsigned char 
 Auto vars:     Size  Location     Type
  unit            1   24[COMRAM] unsigned char 
 Return value:  Size  Location     Type
                  1    wreg      void 
 Registers used:
		wreg
 Tracked objects:
		On entry : 
		On exit  : 
		Unchanged: 
 Data sizes:     COMRAM   BANK0   BANK1   BANK2   BANK3   BANK4   BANK5   BANK6   BANK7
      Params:         0       0       0       0       0       0       0       0       0
      Locals:         1       0       0       0       0       0       0       0       0
      Temps:          1       0       0       0       0       0       0       0       0
      Totals:         2       0       0       0       0       0       0       0       0
Total ram usage:        2 bytes
 Hardware stack levels used:    1
 Hardware stack levels required when called:    3
 This function calls:
		Nothing
 This function is called by:
		_OpenXLCD
 This function uses a non-reentrant model


 *************** function _BusyXLCD *****************
 Defined at:
		line 11 in file "XLCD/busyxlcd.c"
 Parameters:    Size  Location     Type
		None
 Auto vars:     Size  Location     Type
		None
 Return value:  Size  Location     Type
                  1    wreg      unsigned char 
 Registers used:
		wreg, cstack
 Tracked objects:
		On entry : 
		On exit  : 
		Unchanged: 
 Data sizes:     COMRAM   BANK0   BANK1   BANK2   BANK3   BANK4   BANK5   BANK6   BANK7
      Params:         0       0       0       0       0       0       0       0       0
      Locals:         0       0       0       0       0       0       0       0       0
      Temps:          0       0       0       0       0       0       0       0       0
      Totals:         0       0       0       0       0       0       0       0       0
Total ram usage:        0 bytes
 Hardware stack levels used:    1
 Hardware stack levels required when called:    4
 This function calls:
		_DelayFor18TCY
 This function is called by:
		_OpenXLCD
		_putrsXLCD
		_putsXLCD
		_enemigo1
		_enemigo2
		_drive
		_XLCD_Initialize
 This function uses a non-reentrant model


 *************** function _DelayFor18TCY *****************
 Defined at:
		line 28 in file "user_xlcd.c"
 Parameters:    Size  Location     Type
		None
 Auto vars:     Size  Location     Type
		None
 Return value:  Size  Location     Type
                  1    wreg      void 
 Registers used:
		wreg
 Tracked objects:
		On entry : 
		On exit  : 
		Unchanged: 
 Data sizes:     COMRAM   BANK0   BANK1   BANK2   BANK3   BANK4   BANK5   BANK6   BANK7
      Params:         0       0       0       0       0       0       0       0       0
      Locals:         0       0       0       0       0       0       0       0       0
      Temps:          0       0       0       0       0       0       0       0       0
      Totals:         0       0       0       0       0       0       0       0       0
Total ram usage:        0 bytes
 Hardware stack levels used:    1
 Hardware stack levels required when called:    3
 This function calls:
		Nothing
 This function is called by:
		_BusyXLCD
		_SetDDRamAddr
		_WriteCmdXLCD
		_WriteDataXLCD
		_ReadAddrXLCD
		_ReadDataXLCD
		_SetCGRamAddr
 This function uses a non-reentrant model


 *************** function _PIN_MANAGER_Initialize *****************
 Defined at:
		line 5 in file "pin_manager.c"
 Parameters:    Size  Location     Type
		None
 Auto vars:     Size  Location     Type
		None
 Return value:  Size  Location     Type
                  1    wreg      void 
 Registers used:
		wreg, status,2
 Tracked objects:
		On entry : 
		On exit  : 
		Unchanged: 
 Data sizes:     COMRAM   BANK0   BANK1   BANK2   BANK3   BANK4   BANK5   BANK6   BANK7
      Params:         0       0       0       0       0       0       0       0       0
      Locals:         0       0       0       0       0       0       0       0       0
      Temps:          0       0       0       0       0       0       0       0       0
      Totals:         0       0       0       0       0       0       0       0       0
Total ram usage:        0 bytes
 Hardware stack levels used:    1
 Hardware stack levels required when called:    3
 This function calls:
		Nothing
 This function is called by:
		_SYSTEM_Initialize
 This function uses a non-reentrant model


 *************** function _OSCILLATOR_Initialize *****************
 Defined at:
		line 97 in file "mcc.c"
 Parameters:    Size  Location     Type
		None
 Auto vars:     Size  Location     Type
		None
 Return value:  Size  Location     Type
                  1    wreg      void 
 Registers used:
		wreg, status,2
 Tracked objects:
		On entry : 
		On exit  : 
		Unchanged: 
 Data sizes:     COMRAM   BANK0   BANK1   BANK2   BANK3   BANK4   BANK5   BANK6   BANK7
      Params:         0       0       0       0       0       0       0       0       0
      Locals:         0       0       0       0       0       0       0       0       0
      Temps:          0       0       0       0       0       0       0       0       0
      Totals:         0       0       0       0       0       0       0       0       0
Total ram usage:        0 bytes
 Hardware stack levels used:    1
 Hardware stack levels required when called:    3
 This function calls:
		Nothing
 This function is called by:
		_SYSTEM_Initialize
 This function uses a non-reentrant model


 *************** function _INTERRUPT_Initialize *****************
 Defined at:
		line 5 in file "interrupt_manager.c"
 Parameters:    Size  Location     Type
		None
 Auto vars:     Size  Location     Type
		None
 Return value:  Size  Location     Type
                  1    wreg      void 
 Registers used:
		None
 Tracked objects:
		On entry : 
		On exit  : 
		Unchanged: 
 Data sizes:     COMRAM   BANK0   BANK1   BANK2   BANK3   BANK4   BANK5   BANK6   BANK7
      Params:         0       0       0       0       0       0       0       0       0
      Locals:         0       0       0       0       0       0       0       0       0
      Temps:          0       0       0       0       0       0       0       0       0
      Totals:         0       0       0       0       0       0       0       0       0
Total ram usage:        0 bytes
 Hardware stack levels used:    1
 Hardware stack levels required when called:    3
[...]
		On exit  : 
		Unchanged: 
 Data sizes:     COMRAM   BANK0   BANK1   BANK2   BANK3   BANK4   BANK5   BANK6   BANK7
      Params:         0       0       0       0       0       0       0       0       0
      Locals:         0       0       0       0       0       0       0       0       0
      Temps:          0       0       0       0       0       0       0       0       0
      Totals:         0       0       0       0       0       0       0       0       0
Total ram usage:        0 bytes
 Hardware stack levels used:    1
 This function calls:
		Nothing
 This function is called by:
		_INTERRUPT_InterruptManager
 This function uses a non-reentrant model


 *************** function _TMR1_ISR *****************
 Defined at:
		line 151 in file "tmr1.c"
 Parameters:    Size  Location     Type
		None
 Auto vars:     Size  Location     Type
		None
 Return value:  Size  Location     Type
                  1    wreg      void 
 Registers used:
		None
 Tracked objects:
		On entry : 
		On exit  : 
		Unchanged: 
 Data sizes:     COMRAM   BANK0   BANK1   BANK2   BANK3   BANK4   BANK5   BANK6   BANK7
      Params:         0       0       0       0       0       0       0       0       0
      Locals:         0       0       0       0       0       0       0       0       0
      Temps:          0       0       0       0       0       0       0       0       0
      Totals:         0       0       0       0       0       0       0       0       0
Total ram usage:        0 bytes
 Hardware stack levels used:    1
 This function calls:
		Nothing
 This function is called by:
		_INTERRUPT_InterruptManager
 This function uses a non-reentrant model


 *************** function _TMR0_ISR *****************
 Defined at:
		line 149 in file "tmr0.c"
 Parameters:    Size  Location     Type
		None
 Auto vars:     Size  Location     Type
		None
 Return value:  Size  Location     Type
                  1    wreg      void 
 Registers used:
		None
 Tracked objects:
		On entry : 
		On exit  : 
		Unchanged: 
 Data sizes:     COMRAM   BANK0   BANK1   BANK2   BANK3   BANK4   BANK5   BANK6   BANK7
      Params:         0       0       0       0       0       0       0       0       0
      Locals:         0       0       0       0       0       0       0       0       0
      Temps:          0       0       0       0       0       0       0       0       0
      Totals:         0       0       0       0       0       0       0       0       0
Total ram usage:        0 bytes
 Hardware stack levels used:    1
 This function calls:
		Nothing
 This function is called by:
		_INTERRUPT_InterruptManager
 This function uses a non-reentrant model


 *************** function _PIN_MANAGER_IOC *****************
 Defined at:
		line 20 in file "pin_manager.c"
 Parameters:    Size  Location     Type
		None
 Auto vars:     Size  Location     Type
		None
 Return value:  Size  Location     Type
                  1    wreg      void 
 Registers used:
		None
 Tracked objects:
		On entry : 
		On exit  : 
		Unchanged: 
 Data sizes:     COMRAM   BANK0   BANK1   BANK2   BANK3   BANK4   BANK5   BANK6   BANK7
      Params:         0       0       0       0       0       0       0       0       0
      Locals:         0       0       0       0       0       0       0       0       0
      Temps:          0       0       0       0       0       0       0       0       0
      Totals:         0       0       0       0       0       0       0       0       0
Total ram usage:        0 bytes
 Hardware stack levels used:    1
 This function calls:
		Nothing
 This function is called by:
		_INTERRUPT_InterruptManager
 This function uses a non-reentrant model


 *************** function _PIN_MANAGER_INT2 *****************
 Defined at:
		line 36 in file "pin_manager.c"
 Parameters:    Size  Location     Type
		None
 Auto vars:     Size  Location     Type
		None
 Return value:  Size  Location     Type
                  1    wreg      void 
 Registers used:
		None
 Tracked objects:
		On entry : 
		On exit  : 
		Unchanged: 
 Data sizes:     COMRAM   BANK0   BANK1   BANK2   BANK3   BANK4   BANK5   BANK6   BANK7
      Params:         0       0       0       0       0       0       0       0       0
      Locals:         0       0       0       0       0       0       0       0       0
      Temps:          0       0       0       0       0       0       0       0       0
      Totals:         0       0       0       0       0       0       0       0       0
Total ram usage:        0 bytes
 Hardware stack levels used:    1
 This function calls:
		Nothing
 This function is called by:
		_INTERRUPT_InterruptManager
 This function uses a non-reentrant model


 *************** function _PIN_MANAGER_INT1 *****************
 Defined at:
		line 31 in file "pin_manager.c"
 Parameters:    Size  Location     Type
		None
 Auto vars:     Size  Location     Type
		None
 Return value:  Size  Location     Type
                  1    wreg      void 
 Registers used:
		None
 Tracked objects:
		On entry : 
		On exit  : 
		Unchanged: 
 Data sizes:     COMRAM   BANK0   BANK1   BANK2   BANK3   BANK4   BANK5   BANK6   BANK7
      Params:         0       0       0       0       0       0       0       0       0
      Locals:         0       0       0       0       0       0       0       0       0
      Temps:          0       0       0       0       0       0       0       0       0
      Totals:         0       0       0       0       0       0       0       0       0
Total ram usage:        0 bytes
 Hardware stack levels used:    1
 This function calls:
		Nothing
 This function is called by:
		_INTERRUPT_InterruptManager
 This function uses a non-reentrant model


 *************** function _PIN_MANAGER_INT0 *****************
 Defined at:
		line 26 in file "pin_manager.c"
 Parameters:    Size  Location     Type
		None
 Auto vars:     Size  Location     Type
		None
 Return value:  Size  Location     Type
                  1    wreg      void 
 Registers used:
		None
 Tracked objects:
		On entry : 
		On exit  : 
		Unchanged: 
 Data sizes:     COMRAM   BANK0   BANK1   BANK2   BANK3   BANK4   BANK5   BANK6   BANK7
      Params:         0       0       0       0       0       0       0       0       0
      Locals:         0       0       0       0       0       0       0       0       0
      Temps:          0       0       0       0       0       0       0       0       0
      Totals:         0       0       0       0       0       0       0       0       0
Total ram usage:        0 bytes
 Hardware stack levels used:    1
 This function calls:
		Nothing
 This function is called by:
		_INTERRUPT_InterruptManager
 This function uses a non-reentrant model


 *************** function _MEMORY_ISR *****************
 Defined at:
		line 198 in file "memory.c"
 Parameters:    Size  Location     Type
		None
 Auto vars:     Size  Location     Type
		None
 Return value:  Size  Location     Type
                  1    wreg      void 
 Registers used:
		None
 Tracked objects:
		On entry : 
		On exit  : 
		Unchanged: 
 Data sizes:     COMRAM   BANK0   BANK1   BANK2   BANK3   BANK4   BANK5   BANK6   BANK7
      Params:         0       0       0       0       0       0       0       0       0
      Locals:         0       0       0       0       0       0       0       0       0
      Temps:          0       0       0       0       0       0       0       0       0
      Totals:         0       0       0       0       0       0       0       0       0
Total ram usage:        0 bytes
 Hardware stack levels used:    1
 This function calls:
		Nothing
 This function is called by:
		_INTERRUPT_InterruptManager
 This function uses a non-reentrant model


 *************** function _I2C1_ISR *****************
 Defined at:
		line 236 in file "i2c1.c"
 Parameters:    Size  Location     Type
		None
 Auto vars:     Size  Location     Type
		None
 Return value:  Size  Location     Type
                  1    wreg      void 
 Registers used:
		wreg, fsr2l, fsr2h, status,2, status,0, cstack
 Tracked objects:
		On entry : 
		On exit  : 
		Unchanged: 
 Data sizes:     COMRAM   BANK0   BANK1   BANK2   BANK3   BANK4   BANK5   BANK6   BANK7
      Params:         0       0       0       0       0       0       0       0       0
      Locals:         0       0       0       0       0       0       0       0       0
      Temps:          2       0       0       0       0       0       0       0       0
      Totals:         2       0       0       0       0       0       0       0       0
Total ram usage:        2 bytes
 Hardware stack levels used:    1
 Hardware stack levels required when called:    1
 This function calls:
		_I2C1_FunctionComplete
		_I2C1_Stop
 This function is called by:
		_INTERRUPT_InterruptManager
 This function uses a non-reentrant model


 *************** function _I2C1_Stop *****************
 Defined at:
		line 584 in file "i2c1.c"
 Parameters:    Size  Location     Type
  completion_c    1    wreg     enum E5248
 Auto vars:     Size  Location     Type
  completion_c    1    0[COMRAM] enum E5248
 Return value:  Size  Location     Type
                  1    wreg      void 
 Registers used:
		wreg, fsr2l, fsr2h, status,2, status,0
 Tracked objects:
		On entry : 
		On exit  : 
		Unchanged: 
 Data sizes:     COMRAM   BANK0   BANK1   BANK2   BANK3   BANK4   BANK5   BANK6   BANK7
      Params:         0       0       0       0       0       0       0       0       0
      Locals:         0       0       0       0       0       0       0       0       0
      Temps:          0       0       0       0       0       0       0       0       0
      Totals:         0       0       0       0       0       0       0       0       0
Total ram usage:        0 bytes
 Hardware stack levels used:    1
 This function calls:
		Nothing
 This function is called by:
		_I2C1_ISR
 This function uses a non-reentrant model


 *************** function _I2C1_FunctionComplete *****************
 Defined at:
		line 566 in file "i2c1.c"
 Parameters:    Size  Location     Type
		None
 Auto vars:     Size  Location     Type
		None
 Return value:  Size  Location     Type
                  1    wreg      void 
 Registers used:
		wreg, status,2, status,0
 Tracked objects:
		On entry : 
		On exit  : 
		Unchanged: 
 Data sizes:     COMRAM   BANK0   BANK1   BANK2   BANK3   BANK4   BANK5   BANK6   BANK7
      Params:         0       0       0       0       0       0       0       0       0
      Locals:         0       0       0       0       0       0       0       0       0
      Temps:          0       0       0       0       0       0       0       0       0
      Totals:         0       0       0       0       0       0       0       0       0
Total ram usage:        0 bytes
 Hardware stack levels used:    1
 This function calls:
		Nothing
 This function is called by:
		_I2C1_ISR
 This function uses a non-reentrant model


 *************** function _I2C1_BusCollisionISR *****************
 Defined at:
		line 731 in file "i2c1.c"
 Parameters:    Size  Location     Type
		None
 Auto vars:     Size  Location     Type
		None
 Return value:  Size  Location     Type
                  1    wreg      void 
 Registers used:
		None
 Tracked objects:
		On entry : 
		On exit  : 
		Unchanged: 
 Data sizes:     COMRAM   BANK0   BANK1   BANK2   BANK3   BANK4   BANK5   BANK6   BANK7
      Params:         0       0       0       0       0       0       0       0       0
      Locals:         0       0       0       0       0       0       0       0       0
      Temps:          0       0       0       0       0       0       0       0       0
      Totals:         0       0       0       0       0       0       0       0       0
Total ram usage:        0 bytes
 Hardware stack levels used:    1
 This function calls:
		Nothing
 This function is called by:
		_INTERRUPT_InterruptManager
 This function uses a non-reentrant model


 *************** function _EUSART1_Transmit_ISR *****************
 Defined at:
		line 149 in file "eusart1.c"
 Parameters:    Size  Location     Type
		None
 Auto vars:     Size  Location     Type
		None
 Return value:  Size  Location     Type
                  1    wreg      void 
 Registers used:
		wreg, fsr2l, fsr2h, status,2, status,0, prodl, prodh
 Tracked objects:
		On entry : 
		On exit  : 
		Unchanged: 
 Data sizes:     COMRAM   BANK0   BANK1   BANK2   BANK3   BANK4   BANK5   BANK6   BANK7
      Params:         0       0       0       0       0       0       0       0       0
      Locals:         0       0       0       0       0       0       0       0       0
      Temps:          0       0       0       0       0       0       0       0       0
      Totals:         0       0       0       0       0       0       0       0       0
Total ram usage:        0 bytes
 Hardware stack levels used:    1
 This function calls:
		Nothing
 This function is called by:
		_INTERRUPT_InterruptManager
 This function uses a non-reentrant model


 *************** function _EUSART1_Receive_ISR *****************
 Defined at:
		line 168 in file "eusart1.c"
 Parameters:    Size  Location     Type
		None
 Auto vars:     Size  Location     Type
		None
 Return value:  Size  Location     Type
                  1    wreg      void 
 Registers used:
		None
 Tracked objects:
		On entry : 
		On exit  : 
		Unchanged: 
 Data sizes:     COMRAM   BANK0   BANK1   BANK2   BANK3   BANK4   BANK5   BANK6   BANK7
      Params:         0       0       0       0       0       0       0       0       0
      Locals:         0       0       0       0       0       0       0       0       0
      Temps:          0       0       0       0       0       0       0       0       0
      Totals:         0       0       0       0       0       0       0       0       0
Total ram usage:        0 bytes
 Hardware stack levels used:    1
 This function calls:
		Nothing
 This function is called by:
		_INTERRUPT_InterruptManager
 This function uses a non-reentrant model


 *************** function _ADC_ISR *****************
 Defined at:
		line 130 in file "adc.c"
 Parameters:    Size  Location     Type
		None
 Auto vars:     Size  Location     Type
		None
 Return value:  Size  Location     Type
                  1    wreg      void 
 Registers used:
		wreg, status,2, status,0, cstack
 Tracked objects:
		On entry : 
		On exit  : 
		Unchanged: 
 Data sizes:     COMRAM   BANK0   BANK1   BANK2   BANK3   BANK4   BANK5   BANK6   BANK7
      Params:         0       0       0       0       0       0       0       0       0
      Locals:         0       0       0       0       0       0       0       0       0
      Temps:          0       0       0       0       0       0       0       0       0
      Totals:         0       0       0       0       0       0       0       0       0
Total ram usage:        0 bytes
 Hardware stack levels used:    1
 Hardware stack levels required when called:    1
 This function calls:
		_ADC_GetConversionResult
 This function is called by:
		_INTERRUPT_InterruptManager
 This function uses a non-reentrant model


 *************** function _ADC_GetConversionResult *****************
 Defined at:
		line 101 in file "adc.c"
 Parameters:    Size  Location     Type
		None
 Auto vars:     Size  Location     Type
		None
 Return value:  Size  Location     Type
                  2    0[COMRAM] unsigned int 
 Registers used:
		wreg, status,2, status,0
 Tracked objects:
		On entry : 
		On exit  : 
		Unchanged: 
 Data sizes:     COMRAM   BANK0   BANK1   BANK2   BANK3   BANK4   BANK5   BANK6   BANK7
      Params:         2       0       0       0       0       0       0       0       0
      Locals:         0       0       0       0       0       0       0       0       0
      Temps:          2       0       0       0       0       0       0       0       0
      Totals:         4       0       0       0       0       0       0       0       0
Total ram usage:        4 bytes
 Hardware stack levels used:    1
 This function calls:
		Nothing
 This function is called by:
		_ADC_ISR
 This function uses a non-reentrant model



MODULE INFORMATION

Module		Function		Class		Link	Load	Size
XLCD/setddram.c
		_SetDDRamAddr  		CODE           	12C8	0000	83

XLCD/setddram.c estimated size: 83

tmr3.c
		_TMR3_ISR      		CODE           	1532	0000	41
		_TMR3_DefaultInterruptHandler		CODE           	167E	0000	3

tmr3.c estimated size: 44

tmr1.c
		_TMR1_ISR      		CODE           	1682	0000	3

tmr1.c estimated size: 3

user_xlcd.c
		_XLCD_Initialize		CODE           	13DC	0000	61
		_DelayFor18TCY 		CODE           	1668	0000	9
		_DelayPORXLCD  		CODE           	1630	0000	19

user_xlcd.c estimated size: 89

C:\Program Files (x86)\Microchip\xc8\v1.43\sources\common\lwdiv.c
		___lwdiv       		CODE           	120E	0000	95

C:\Program Files (x86)\Microchip\xc8\v1.43\sources\common\lwdiv.c estimated size: 95

XLCD/openxlcd.c
		_OpenXLCD      		CODE           	116A	0000	165

XLCD/openxlcd.c estimated size: 165

XLCD/wcmdxlcd.c
		_WriteCmdXLCD  		CODE           	139E	0000	63

XLCD/wcmdxlcd.c estimated size: 63

XLCD/busyxlcd.c
		_BusyXLCD      		CODE           	1418	0000	59

XLCD/busyxlcd.c estimated size: 59

adc.c
		_ADC_Initialize		CODE           	15AA	0000	27
		_ADC_GetConversionResult		CODE           	161C	0000	21
		_ADC_StartConversion		CODE           	1576	0000	27
		_ADC_ISR       		CODE           	1642	0000	19

adc.c estimated size: 94

C:\Program Files (x86)\Microchip\xc8\v1.43\sources\common\doprnt.c
		_sprintf       		CODE           	0DBC	0000	383

C:\Program Files (x86)\Microchip\xc8\v1.43\sources\common\doprnt.c estimated size: 383

tmr2.c
		_TMR2_ISR      		CODE           	1680	0000	3

tmr2.c estimated size: 3

eusart1.c
		_EUSART1_Receive_ISR		CODE           	165E	0000	11
		_EUSART1_Transmit_ISR		CODE           	14B4	0000	47

eusart1.c estimated size: 58

tmr0.c
		_TMR0_ISR      		CODE           	1684	0000	3

tmr0.c estimated size: 3

i2c1.c
		_I2C1_BusCollisionISR		CODE           	1690	0000	3
		_I2C1_FunctionComplete		CODE           	15C4	0000	25
		_I2C1_ISR      		CODE           	0816	0000	551
		_I2C1_Stop     		CODE           	1670	0000	9

i2c1.c estimated size: 588

shared
		_dpowers       		SMALLCONST     	0801	0000	11
		__initialization		CODE           	131A	0000	57

shared estimated size: 68

mcc.c
		_OSCILLATOR_Initialize		CODE           	1654	0000	11
		_SYSTEM_Initialize		CODE           	15DC	0000	23

mcc.c estimated size: 34

C:\Program Files (x86)\Microchip\xc8\v1.43\sources\pic18\d10ktcyx.c
		_Delay10KTCYx  		CODE           	15F2	0000	23

C:\Program Files (x86)\Microchip\xc8\v1.43\sources\pic18\d10ktcyx.c estimated size: 23

XLCD/putsxlcd.c
		_putsXLCD      		CODE           	1486	0000	47

XLCD/putsxlcd.c estimated size: 47

XLCD/writdata.c
		_WriteDataXLCD 		CODE           	1360	0000	63

XLCD/writdata.c estimated size: 63

interrupt_manager.c
		_INTERRUPT_Initialize		CODE           	155A	0000	29
		_INTERRUPT_InterruptManager		CODE           	0008	0000	365

interrupt_manager.c estimated size: 394

pin_manager.c
		_PIN_MANAGER_Initialize		CODE           	1590	0000	27
		_PIN_MANAGER_IOC		CODE           	1686	0000	3
		_PIN_MANAGER_INT0		CODE           	168C	0000	3
		_PIN_MANAGER_INT1		CODE           	168A	0000	3
		_PIN_MANAGER_INT2		CODE           	1688	0000	3

pin_manager.c estimated size: 39

C:\Program Files (x86)\Microchip\xc8\v1.43\sources\common\lwmod.c
		___lwmod       		CODE           	126C	0000	93

C:\Program Files (x86)\Microchip\xc8\v1.43\sources\common\lwmod.c estimated size: 93

main.c
		_enemigo1      		CODE           	150A	0000	41
		_enemigo2      		CODE           	14E2	0000	41
		_marcador      		CODE           	0A3C	0000	461
		_main          		CODE           	1608	0000	21
		_restarPuntos  		CODE           	10A0	0000	203
		_drive         		CODE           	0C08	0000	437

main.c estimated size: 1204

memory.c
		_MEMORY_ISR    		CODE           	168E	0000	3

memory.c estimated size: 3

XLCD/putrxlcd.c
		_putrsXLCD     		CODE           	1452	0000	53

XLCD/putrxlcd.c estimated size: 53

