Microchip MPLAB XC8 Compiler V2.30

Linker command line:

-W-3 --edf=C:\Program Files\Microchip\xc8\v2.30\pic\dat\en_msgs.txt -cn \
  -h+dist/default/production\U2_Audio.X.production.sym \
  --cmf=dist/default/production\U2_Audio.X.production.cmf -z -Q18F4550 \
  -oC:\Users\antho\AppData\Local\Temp\sdccx2 --defsym=__MPLAB_BUILD=1 \
  -Mdist/default/production/U2_Audio.X.production.map -E1 -ver=XC8 Compiler \
  --acfsm=1493 -ASTACK=060h-07FFh -pstack=STACK -ACODE=00h-07FFFh \
  -ACONST=00h-07FFFh -ASMALLCONST=0800h-08FFhx120 \
  -AMEDIUMCONST=0800h-07FFFh -ACOMRAM=01h-05Fh -AABS1=00h-07FFh \
  -ABIGRAM=01h-07FFh -ARAM=060h-0FFh,0100h-01FFhx7 -ABANK0=060h-0FFh \
  -ABANK1=0100h-01FFh -ABANK2=0200h-02FFh -ABANK3=0300h-03FFh \
  -ABANK4=0400h-04FFh -ABANK5=0500h-05FFh -ABANK6=0600h-06FFh \
  -ABANK7=0700h-07FFh -ASFR=0F60h-0FFFh -ACONFIG=0300000h-030000Dh \
  -AIDLOC=0200000h-0200007h -AEEDATA=0F00000h-0F000FFh -peeprom_data=EEDATA \
  -preset_vec=00h,intcode,intcodelo,powerup,init -pramtop=0800h \
  -psmallconst=SMALLCONST -pmediumconst=MEDIUMCONST -pconst=CONST \
  -AFARRAM=00h-00h \
  -prdata=COMRAM,nvrram=COMRAM,nvbit=COMRAM,rbss=COMRAM,rbit=COMRAM \
  -pfarbss=FARRAM,fardata=FARRAM,nvFARRAM=FARRAM \
  -pintsave_regs=BIGRAM,bigbss=BIGRAM,bigdata=BIGRAM -pbss=RAM \
  -pidata=CODE,irdata=CODE,ibigdata=CODE,ifardata=CODE -prparam=COMRAM \
  C:\Users\antho\AppData\Local\Temp\sdccx8.o \
  dist/default/production\U2_Audio.X.production.o 

Object code version is 3.11

Machine type is 18F4550



                Name                               Link     Load   Length Selector   Space Scale
C:\Users\antho\AppData\Local\Temp\sdccx8.o
                idloc                            200000   200000        8        0       5
                config                           300000   300000        E        0       4
                init                                  0        0        4        0       0
dist/default/production\U2_Audio.X.production.o
                idloc                            200000   200000        8        0       5
                config                           300000   300000        E        0       4
                smallconst                          800      800       10      400       0
                text8                               EB0      EB0       46      408       0
                text7                               EF6      EF6       42      408       0
                text6                               FEA      FEA       3A      408       0
                text5                               E6A      E6A       46      408       0
                text4                               F38      F38       3E      408       0
                text3                               FB0      FB0       3A      408       0
                text2                               F76      F76       3A      408       0
                text1                               810      810      4D4      408       0
                text0                               CE4      CE4      186      408       0
                cstackCOMRAM                         13       13        7        1       1
                dataCOMRAM                            1        1       12        1       1
                cinit                              1024     1024       2A      408       0
                idataCOMRAM                        104E     104E       12      408       0

TOTAL           Name                               Link     Load   Length     Space
        CLASS   STACK          

        CLASS   CODE           
                init                                  0        0        4         0
                text8                               EB0      EB0       46         0
                text7                               EF6      EF6       42         0
                text6                               FEA      FEA       3A         0
                text5                               E6A      E6A       46         0
                text4                               F38      F38       3E         0
                text3                               FB0      FB0       3A         0
                text2                               F76      F76       3A         0
                text1                               810      810      4D4         0
                text0                               CE4      CE4      186         0
                cinit                              1024     1024       2A         0
                idataCOMRAM                        104E     104E       12         0

        CLASS   CONST          

        CLASS   SMALLCONST     
                smallconst                          800      800       10         0

        CLASS   MEDIUMCONST    

        CLASS   COMRAM         
                cstackCOMRAM                         13       13        7         1
                dataCOMRAM                            1        1       12         1

        CLASS   ABS1           

        CLASS   BIGRAM         

        CLASS   RAM            

        CLASS   BANK0          

        CLASS   BANK1          

        CLASS   BANK2          

        CLASS   BANK3          

        CLASS   BANK4          

        CLASS   BANK5          

        CLASS   BANK6          

        CLASS   BANK7          

        CLASS   SFR            

        CLASS   CONFIG         
                config                           300000   300000        E         4

        CLASS   IDLOC          
                idloc                            200000   200000        8         5

        CLASS   EEDATA         

        CLASS   FARRAM         



SEGMENTS        Name                           Load    Length   Top    Selector   Space  Class

                reset_vec                      000000  000004  000004         0       0  CODE    
                dataCOMRAM                     000001  000019  00001A         1       1  COMRAM  
                smallconst                     000800  000010  000810       400       0  SMALLCON
                text1                          000810  000850  001060       408       0  CODE    


UNUSED ADDRESS RANGES

        Name                Unused          Largest block    Delta
        BANK0            000060-0000FF               A0
        BANK1            000100-0001FF              100
        BANK2            000200-0002FF              100
        BANK3            000300-0003FF              100
        BANK4            000400-0004FF              100
        BANK5            000500-0005FF              100
        BANK6            000600-0006FF              100
        BANK7            000700-0007FF              100
        BIGRAM           00001A-0007FF              7E6
        CODE             000004-0007FF              7FC
                         001060-007FFF             6FA0
        COMRAM           00001A-00005F               46
        CONST            000004-0007FF              7FC
                         001060-007FFF             6FA0
        EEDATA           F00000-F000FF              100
        MEDIUMCONST      001060-007FFF             6FA0
        RAM              000060-0007FF              100
        SFR              000F60-000FFF               A0
        SMALLCONST       001060-007FFF              100
        STACK            000060-0007FF              7A0

                                  Symbol Table

_ADCON1bits              (abs)        000FC1
_PORTBbits               (abs)        000F81
_TRISB                   (abs)        000F93
__HRAM                   (abs)        000000
__Habs1                  abs1         000000
__Hbank0                 bank0        000000
__Hbank1                 bank1        000000
__Hbank2                 bank2        000000
__Hbank3                 bank3        000000
__Hbank4                 bank4        000000
__Hbank5                 bank5        000000
__Hbank6                 bank6        000000
__Hbank7                 bank7        000000
__Hbigbss                bigbss       000000
__Hbigdata               bigdata      000000
__Hbigram                bigram       000000
__Hbss                   bss          000000
__Hcinit                 cinit        000000
__Hclrtext               clrtext      000000
__Hcomram                comram       000000
__Hconfig                config       30000E
__Hconst                 const        000000
__HcstackCOMRAM          cstackCOMRAM 000000
__Hdata                  data         000000
__HdataCOMRAM            dataCOMRAM   000000
__Heeprom_data           eeprom_data  000000
__Hfarbss                farbss       000000
__Hfardata               fardata      000000
__Hibigdata              ibigdata     000000
__Hidata                 idata        000000
__HidataCOMRAM           idataCOMRAM  000000
__Hidloc                 idloc        200008
__Hifardata              ifardata     000000
__Hinit                  init         000004
__Hintcode               intcode      000000
__Hintcode_body          intcode_body 000000
__Hintcodelo             intcodelo    000000
__Hintentry              intentry     000000
__Hintret                intret       000000
__Hintsave_regs          intsave_regs 000000
__Hirdata                irdata       000000
__Hmediumconst           mediumconst  000000
__HnvFARRAM              nvFARRAM     000000
__Hnvbit                 nvbit        000000
__Hnvrram                nvrram       000000
__Hparam                 rparam       000000
__Hpowerup               powerup      000000
__Hram                   ram          000000
__Hramtop                ramtop       000800
__Hrbit                  rbit         000000
__Hrbss                  rbss         000000
__Hrdata                 rdata        000000
__Hreset_vec             reset_vec    000000
__Hrparam                rparam       000000
__Hsfr                   sfr          000000
__Hsmallconst            smallconst   000810
__Hspace_0               (abs)        001060
__Hspace_1               (abs)        00001A
__Hspace_2               (abs)        000000
__Hspace_4               (abs)        60000E
__Hstack                 stack        000000
__Hstruct                struct       000000
__Htemp                  temp         000000
__Htext                  text         000000
__Htext0                 text0        000000
__Htext1                 text1        000000
__Htext2                 text2        000000
__Htext3                 text3        000000
__Htext4                 text4        000000
__Htext5                 text5        000000
__Htext6                 text6        000000
__Htext7                 text7        000000
__Htext8                 text8        000000
__LRAM                   (abs)        000001
__Labs1                  abs1         000000
__Lbank0                 bank0        000000
__Lbank1                 bank1        000000
__Lbank2                 bank2        000000
__Lbank3                 bank3        000000
__Lbank4                 bank4        000000
__Lbank5                 bank5        000000
__Lbank6                 bank6        000000
__Lbank7                 bank7        000000
__Lbigbss                bigbss       000000
__Lbigdata               bigdata      000000
__Lbigram                bigram       000000
__Lbss                   bss          000000
__Lcinit                 cinit        000000
__Lclrtext               clrtext      000000
__Lcomram                comram       000000
__Lconfig                config       000000
__Lconst                 const        000000
__LcstackCOMRAM          cstackCOMRAM 000000
__Ldata                  data         000000
__LdataCOMRAM            dataCOMRAM   000000
__Leeprom_data           eeprom_data  000000
__Lfarbss                farbss       000000
__Lfardata               fardata      000000
__Libigdata              ibigdata     000000
__Lidata                 idata        000000
__LidataCOMRAM           idataCOMRAM  000000
__Lidloc                 idloc        000000
__Lifardata              ifardata     000000
__Linit                  init         000000
__Lintcode               intcode      000000
__Lintcode_body          intcode_body 000000
__Lintcodelo             intcodelo    000000
__Lintentry              intentry     000000
__Lintret                intret       000000
__Lintsave_regs          intsave_regs 000000
__Lirdata                irdata       000000
__Lmediumconst           mediumconst  000000
__LnvFARRAM              nvFARRAM     000000
__Lnvbit                 nvbit        000000
__Lnvrram                nvrram       000000
__Lparam                 rparam       000000
__Lpowerup               powerup      000000
__Lram                   ram          000000
__Lramtop                ramtop       000800
__Lrbit                  rbit         000000
__Lrbss                  rbss         000000
__Lrdata                 rdata        000000
__Lreset_vec             reset_vec    000000
__Lrparam                rparam       000000
__Lsfr                   sfr          000000
__Lsmallconst            smallconst   000800
__Lspace_0               (abs)        000000
__Lspace_1               (abs)        000000
__Lspace_2               (abs)        000000
__Lspace_4               (abs)        000000
__Lstack                 stack        000000
__Lstruct                struct       000000
__Ltemp                  temp         000000
__Ltext                  text         000000
__Ltext0                 text0        000000
__Ltext1                 text1        000000
__Ltext2                 text2        000000
__Ltext3                 text3        000000
__Ltext4                 text4        000000
__Ltext5                 text5        000000
__Ltext6                 text6        000000
__Ltext7                 text7        000000
__Ltext8                 text8        000000
__S0                     (abs)        001060
__S1                     (abs)        00001A
__S2                     (abs)        000000
__S4                     (abs)        000000
__S5                     (abs)        000000
___inthi_sp              stack        000000
___intlo_sp              stack        000000
___param_bank            (abs)        000000
___rparam_used           (abs)        000001
___sp                    stack        000000
__accesstop              (abs)        000060
__activetblptr           (abs)        000002
__end_of_A_LA            smallconst   00080F
__end_of_B_SI            smallconst   00080D
__end_of_C_DO            smallconst   00080B
__end_of_D_RE            smallconst   000809
__end_of_E_MI            smallconst   000807
__end_of_F_FA            smallconst   000805
__end_of_G_SOL           smallconst   000803
__end_of__initialization cinit        001044
__end_of_canciones       text1        000CE4
__end_of_main            text0        000E6A
__end_of_tono_DO         text8        000EF6
__end_of_tono_FA         text7        000F38
__end_of_tono_LA         text6        001024
__end_of_tono_MI         text5        000EB0
__end_of_tono_RE         text4        000F76
__end_of_tono_SI         text3        000FEA
__end_of_tono_SOL        text2        000FB0
__initialization         cinit        001024
__mediumconst            mediumconst  000000
__pcinit                 cinit        001024
__pcstackCOMRAM          cstackCOMRAM 000013
__pdataCOMRAM            dataCOMRAM   000001
__pidataCOMRAM           idataCOMRAM  00104E
__psmallconst            smallconst   000800
__ptext0                 text0        000CE4
__ptext1                 text1        000810
__ptext2                 text2        000F76
__ptext3                 text3        000FB0
__ptext4                 text4        000F38
__ptext5                 text5        000E6A
__ptext6                 text6        000FEA
__ptext7                 text7        000EF6
__ptext8                 text8        000EB0
__ramtop                 ramtop       000800
__size_of_canciones      (abs)        000000
__size_of_main           (abs)        000000
__size_of_tono_DO        (abs)        000000
__size_of_tono_FA        (abs)        000000
__size_of_tono_LA        (abs)        000000
__size_of_tono_MI        (abs)        000000
__size_of_tono_RE        (abs)        000000
__size_of_tono_SI        (abs)        000000
__size_of_tono_SOL       (abs)        000000
__smallconst             smallconst   000800
_blanca                  dataCOMRAM   000005
_canciones               text1        000810
_corchea                 dataCOMRAM   00000F
_fusa                    dataCOMRAM   00000D
_main                    text0        000CE4
_negra                   dataCOMRAM   000009
_redonda                 dataCOMRAM   000001
_s_corchea               dataCOMRAM   000011
_tono_DO                 text8        000EB0
_tono_FA                 text7        000EF6
_tono_LA                 text6        000FEA
_tono_MI                 text5        000E6A
_tono_RE                 text4        000F38
_tono_SI                 text3        000FB0
_tono_SOL                text2        000F76
canciones@cancion        cstackCOMRAM 000016
end_of_initialization    cinit        001044
intlevel0                text         000000
intlevel1                text         000000
intlevel2                text         000000
intlevel3                text         000000
stackhi                  (abs)        0007FF
stacklo                  (abs)        000060
start                    init         000000
start_initialization     cinit        001024
tono_DO@duracion         cstackCOMRAM 000013
tono_FA@duracion         cstackCOMRAM 000013
tono_LA@duracion         cstackCOMRAM 000013
tono_MI@duracion         cstackCOMRAM 000013
tono_RE@duracion         cstackCOMRAM 000013
tono_SI@duracion         cstackCOMRAM 000013
tono_SOL@duracion        cstackCOMRAM 000013


FUNCTION INFORMATION:

 *************** function _main *****************
 Defined at:
		line 105 in file "main.c"
 Parameters:    Size  Location     Type
		None
 Auto vars:     Size  Location     Type
		None
 Return value:  Size  Location     Type
                  1    wreg      void 
 Registers used:
		wreg, status,2, status,0, cstack
 Tracked objects:
		On entry : 
		On exit  : 
		Unchanged: 
 Data sizes:     COMRAM   BANK0   BANK1   BANK2   BANK3   BANK4   BANK5   BANK6   BANK7
      Params:         0       0       0       0       0       0       0       0       0
      Locals:         0       0       0       0       0       0       0       0       0
      Temps:          0       0       0       0       0       0       0       0       0
      Totals:         0       0       0       0       0       0       0       0       0
Total ram usage:        0 bytes
 Hardware stack levels required when called:    2
 This function calls:
		_canciones
 This function is called by:
		Startup code after reset
 This function uses a non-reentrant model


 *************** function _canciones *****************
 Defined at:
		line 239 in file "main.c"
 Parameters:    Size  Location     Type
  cancion         2    3[COMRAM] int 
 Auto vars:     Size  Location     Type
		None
 Return value:  Size  Location     Type
                  1    wreg      void 
 Registers used:
		wreg, status,2, status,0, cstack
 Tracked objects:
		On entry : 
		On exit  : 
		Unchanged: 
 Data sizes:     COMRAM   BANK0   BANK1   BANK2   BANK3   BANK4   BANK5   BANK6   BANK7
      Params:         2       0       0       0       0       0       0       0       0
      Locals:         0       0       0       0       0       0       0       0       0
      Temps:          2       0       0       0       0       0       0       0       0
      Totals:         4       0       0       0       0       0       0       0       0
Total ram usage:        4 bytes
 Hardware stack levels used:    1
 Hardware stack levels required when called:    1
 This function calls:
		_tono_DO
		_tono_FA
		_tono_LA
		_tono_MI
		_tono_RE
		_tono_SI
		_tono_SOL
 This function is called by:
		_main
 This function uses a non-reentrant model


 *************** function _tono_SOL *****************
 Defined at:
		line 227 in file "main.c"
 Parameters:    Size  Location     Type
  duracion        2    0[COMRAM] int 
 Auto vars:     Size  Location     Type
		None
 Return value:  Size  Location     Type
                  1    wreg      void 
 Registers used:
		wreg, status,2, status,0
 Tracked objects:
		On entry : 
		On exit  : 
		Unchanged: 
 Data sizes:     COMRAM   BANK0   BANK1   BANK2   BANK3   BANK4   BANK5   BANK6   BANK7
      Params:         2       0       0       0       0       0       0       0       0
      Locals:         0       0       0       0       0       0       0       0       0
      Temps:          0       0       0       0       0       0       0       0       0
      Totals:         2       0       0       0       0       0       0       0       0
Total ram usage:        2 bytes
 Hardware stack levels used:    1
 This function calls:
		Nothing
 This function is called by:
		_canciones
 This function uses a non-reentrant model


 *************** function _tono_SI *****************
 Defined at:
		line 162 in file "main.c"
 Parameters:    Size  Location     Type
  duracion        2    0[COMRAM] int 
 Auto vars:     Size  Location     Type
		None
 Return value:  Size  Location     Type
                  1    wreg      void 
 Registers used:
		wreg, status,2, status,0
 Tracked objects:
		On entry : 
		On exit  : 
		Unchanged: 
 Data sizes:     COMRAM   BANK0   BANK1   BANK2   BANK3   BANK4   BANK5   BANK6   BANK7
      Params:         2       0       0       0       0       0       0       0       0
      Locals:         0       0       0       0       0       0       0       0       0
      Temps:          0       0       0       0       0       0       0       0       0
      Totals:         2       0       0       0       0       0       0       0       0
Total ram usage:        2 bytes
 Hardware stack levels used:    1
 This function calls:
		Nothing
 This function is called by:
		_canciones
 This function uses a non-reentrant model


 *************** function _tono_RE *****************
 Defined at:
		line 188 in file "main.c"
 Parameters:    Size  Location     Type
  duracion        2    0[COMRAM] int 
 Auto vars:     Size  Location     Type
		None
 Return value:  Size  Location     Type
                  1    wreg      void 
 Registers used:
		wreg, status,2, status,0
 Tracked objects:
		On entry : 
		On exit  : 
		Unchanged: 
 Data sizes:     COMRAM   BANK0   BANK1   BANK2   BANK3   BANK4   BANK5   BANK6   BANK7
      Params:         2       0       0       0       0       0       0       0       0
      Locals:         0       0       0       0       0       0       0       0       0
      Temps:          0       0       0       0       0       0       0       0       0
      Totals:         2       0       0       0       0       0       0       0       0
Total ram usage:        2 bytes
 Hardware stack levels used:    1
 This function calls:
		Nothing
 This function is called by:
		_canciones
 This function uses a non-reentrant model


 *************** function _tono_MI *****************
 Defined at:
		line 201 in file "main.c"
 Parameters:    Size  Location     Type
  duracion        2    0[COMRAM] int 
 Auto vars:     Size  Location     Type
		None
 Return value:  Size  Location     Type
                  1    wreg      void 
 Registers used:
		wreg, status,2, status,0
 Tracked objects:
		On entry : 
		On exit  : 
		Unchanged: 
 Data sizes:     COMRAM   BANK0   BANK1   BANK2   BANK3   BANK4   BANK5   BANK6   BANK7
      Params:         2       0       0       0       0       0       0       0       0
      Locals:         0       0       0       0       0       0       0       0       0
      Temps:          0       0       0       0       0       0       0       0       0
      Totals:         2       0       0       0       0       0       0       0       0
Total ram usage:        2 bytes
 Hardware stack levels used:    1
 This function calls:
		Nothing
 This function is called by:
		_canciones
 This function uses a non-reentrant model


 *************** function _tono_LA *****************
 Defined at:
		line 149 in file "main.c"
 Parameters:    Size  Location     Type
  duracion        2    0[COMRAM] int 
 Auto vars:     Size  Location     Type
		None
 Return value:  Size  Location     Type
                  1    wreg      void 
 Registers used:
		wreg, status,2, status,0
 Tracked objects:
		On entry : 
		On exit  : 
		Unchanged: 
 Data sizes:     COMRAM   BANK0   BANK1   BANK2   BANK3   BANK4   BANK5   BANK6   BANK7
      Params:         2       0       0       0       0       0       0       0       0
      Locals:         0       0       0       0       0       0       0       0       0
      Temps:          0       0       0       0       0       0       0       0       0
      Totals:         2       0       0       0       0       0       0       0       0
Total ram usage:        2 bytes
 Hardware stack levels used:    1
 This function calls:
		Nothing
 This function is called by:
		_canciones
 This function uses a non-reentrant model


 *************** function _tono_FA *****************
 Defined at:
		line 214 in file "main.c"
 Parameters:    Size  Location     Type
  duracion        2    0[COMRAM] int 
 Auto vars:     Size  Location     Type
		None
 Return value:  Size  Location     Type
                  1    wreg      void 
 Registers used:
		wreg, status,2, status,0
 Tracked objects:
		On entry : 
		On exit  : 
		Unchanged: 
 Data sizes:     COMRAM   BANK0   BANK1   BANK2   BANK3   BANK4   BANK5   BANK6   BANK7
      Params:         2       0       0       0       0       0       0       0       0
      Locals:         0       0       0       0       0       0       0       0       0
      Temps:          0       0       0       0       0       0       0       0       0
      Totals:         2       0       0       0       0       0       0       0       0
Total ram usage:        2 bytes
 Hardware stack levels used:    1
 This function calls:
		Nothing
 This function is called by:
		_canciones
 This function uses a non-reentrant model


 *************** function _tono_DO *****************
 Defined at:
		line 175 in file "main.c"
 Parameters:    Size  Location     Type
  duracion        2    0[COMRAM] int 
 Auto vars:     Size  Location     Type
		None
 Return value:  Size  Location     Type
                  1    wreg      void 
 Registers used:
		wreg, status,2, status,0
 Tracked objects:
		On entry : 
		On exit  : 
		Unchanged: 
 Data sizes:     COMRAM   BANK0   BANK1   BANK2   BANK3   BANK4   BANK5   BANK6   BANK7
      Params:         2       0       0       0       0       0       0       0       0
      Locals:         0       0       0       0       0       0       0       0       0
      Temps:          1       0       0       0       0       0       0       0       0
      Totals:         3       0       0       0       0       0       0       0       0
Total ram usage:        3 bytes
 Hardware stack levels used:    1
 This function calls:
		Nothing
 This function is called by:
		_canciones
 This function uses a non-reentrant model



MODULE INFORMATION

Module		Function		Class		Link	Load	Size
shared
		_D_RE          		SMALLCONST     	0000	0000	0
		_G_SOL         		SMALLCONST     	0000	0000	0
		_E_MI          		SMALLCONST     	0000	0000	0
		_F_FA          		SMALLCONST     	0000	0000	0
		__initialization		CODE           	1024	0000	32
		_C_DO          		SMALLCONST     	0000	0000	0
		_B_SI          		SMALLCONST     	0000	0000	0
		_A_LA          		SMALLCONST     	0000	0000	0

shared estimated size: 32

main.c
		_tono_MI       		CODE           	0E6A	0000	70
		_tono_DO       		CODE           	0EB0	0000	70
		_tono_SI       		CODE           	0FB0	0000	58
		_tono_FA       		CODE           	0EF6	0000	66
		_tono_LA       		CODE           	0FEA	0000	58
		_tono_SOL      		CODE           	0F76	0000	58
		_main          		CODE           	0CE4	0000	390
		_canciones     		CODE           	0810	0000	1236
		_tono_RE       		CODE           	0F38	0000	62

main.c estimated size: 2068

